******************************************************************************
            TI ARM Clang Linker PC v3.2.2                      
******************************************************************************
>> Linked Sun Jun  2 19:50:45 2024

OUTPUT FILE NAME:   <empty_LP_MSPM0G3507_nortos_ticlang.out>
ENTRY POINT SYMBOL: "_c_int00_noinit_noargs"  address: 00001791


MEMORY CONFIGURATION

         name            origin    length      used     unused   attr    fill
----------------------  --------  ---------  --------  --------  ----  --------
  FLASH                 00000000   00020000  00002010  0001dff0  R  X
  SRAM                  20200000   00008000  00000200  00007e00  RW X
  BCR_CONFIG            41c00000   00000080  00000000  00000080  R   
  BSL_CONFIG            41c00100   00000080  00000000  00000080  R   


SEGMENT ALLOCATION MAP

run origin  load origin   length   init length attrs members
----------  ----------- ---------- ----------- ----- -------
00000000    00000000    00002010   00002010    r-x
  00000000    00000000    000000c0   000000c0    r-- .intvecs
  000000c0    000000c0    00001720   00001720    r-x .text
  000017e0    000017e0    00000830   00000830    r-- .rodata
20207e00    20207e00    00000200   00000000    rw-
  20207e00    20207e00    00000200   00000000    rw- .stack


SECTION ALLOCATION MAP

 output                                  attributes/
section   page    origin      length       input sections
--------  ----  ----------  ----------   ----------------
.intvecs   0    00000000    000000c0     
                  00000000    000000c0     startup_mspm0g350x_ticlang.o (.intvecs)

.text      0    000000c0    00001720     
                  000000c0    00000cfc     oled.o (.text.OLED_Init)
                  00000dbc    0000042c     oled.o (.text.OLED_ShowStr)
                  000011e8    00000258     oled.o (.text.OLED_Fill)
                  00001440    0000016c     oled.o (.text.OLED_SetPos)
                  000015ac    0000005e     driverlib.a : dl_i2c.o (.text.DL_I2C_fillControllerTXFIFO)
                  0000160a    00000002     startup_mspm0g350x_ticlang.o (.text.Default_Handler)
                  0000160c    00000054     ti_msp_dl_config.o (.text.SYSCFG_DL_I2C_0_init)
                  00001660    00000040     ti_msp_dl_config.o (.text.SYSCFG_DL_SYSCTL_init)
                  000016a0    0000003c     driverlib.a : dl_i2c.o (.text.DL_I2C_flushControllerTXFIFO)
                  000016dc    00000034     ti_msp_dl_config.o (.text.SYSCFG_DL_initPower)
                  00001710    00000034     empty.o (.text.main)
                  00001744    00000026     driverlib.a : dl_i2c.o (.text.DL_I2C_setClockConfig)
                  0000176a    00000002     --HOLE-- [fill = 0]
                  0000176c    00000024     ti_msp_dl_config.o (.text.SYSCFG_DL_GPIO_init)
                  00001790    00000020     libc.a : boot_cortex_m.c.obj (.text:_c_int00_noinit_noargs)
                  000017b0    00000014     ti_msp_dl_config.o (.text.SYSCFG_DL_init)
                  000017c4    0000000a     driverlib.a : dl_common.o (.text.DL_Common_delayCycles)
                  000017ce    00000004     startup_mspm0g350x_ticlang.o (.text.Reset_Handler)
                  000017d2    00000004     libc.a : pre_init.c.obj (.text._system_pre_init)
                  000017d6    00000004            : exit.c.obj (.text:abort)
                  000017da    00000006     --HOLE-- [fill = 0]

.cinit     0    00000000    00000000     

.rodata    0    000017e0    00000830     
                  000017e0    000005f0     oled.o (.rodata.asc2_1608)
                  00001dd0    00000228     oled.o (.rodata.asc2_0806)
                  00001ff8    0000000b     empty.o (.rodata.str1.162906114796922795351)
                  00002003    00000009     empty.o (.rodata.str1.92454112862644078121)
                  0000200c    00000002     ti_msp_dl_config.o (.rodata.gI2C_0ClockConfig)
                  0000200e    00000002     --HOLE-- [fill = 0]

.init_array 
*          0    00000000    00000000     UNINITIALIZED

.binit     0    00000000    00000000     

.stack     0    20207e00    00000200     UNINITIALIZED
                  20207e00    00000004     libc.a : boot_cortex_m.c.obj (.stack)
                  20207e04    000001fc     --HOLE--

__llvm_prf_cnts 
*          0    20200000    00000000     UNINITIALIZED

__llvm_prf_bits 
*          0    20200000    00000000     UNINITIALIZED

MODULE SUMMARY

       Module                         code   ro data   rw data
       ------                         ----   -------   -------
    .\
       oled.o                         5356   2072      0      
       ti_msp_dl_config.o             256    2         0      
       startup_mspm0g350x_ticlang.o   6      192       0      
       empty.o                        52     20        0      
    +--+------------------------------+------+---------+---------+
       Total:                         5670   2286      0      
                                                              
    C:/ti/mspm0_sdk_2_00_00_03/source/ti/driverlib/lib/ticlang/m0p/mspm0g1x0x_g3x0x/driverlib.a
       dl_i2c.o                       192    0         0      
       dl_common.o                    10     0         0      
    +--+------------------------------+------+---------+---------+
       Total:                         202    0         0      
                                                              
    C:\ti\ccstheia140\ccs\tools\compiler\ti-cgt-armllvm_3.2.2.LTS\lib\armv6m-ti-none-eabi/c/libc.a
       boot_cortex_m.c.obj            32     0         0      
       exit.c.obj                     4      0         0      
       pre_init.c.obj                 4      0         0      
    +--+------------------------------+------+---------+---------+
       Total:                         40     0         0      
                                                              
       Stack:                         0      0         512    
    +--+------------------------------+------+---------+---------+
       Grand Total:                   5912   2286      512    


GLOBAL SYMBOLS: SORTED ALPHABETICALLY BY Name 

address   name                        
-------   ----                        
0000160b  ADC0_IRQHandler             
0000160b  ADC1_IRQHandler             
0000160b  AES_IRQHandler              
000017d6  C$$EXIT                     
0000160b  CANFD0_IRQHandler           
0000160b  DAC0_IRQHandler             
000017c5  DL_Common_delayCycles       
000015ad  DL_I2C_fillControllerTXFIFO 
000016a1  DL_I2C_flushControllerTXFIFO
00001745  DL_I2C_setClockConfig       
0000160b  DMA_IRQHandler              
0000160b  Default_Handler             
0000160b  GROUP0_IRQHandler           
0000160b  GROUP1_IRQHandler           
0000160b  HardFault_Handler           
0000160b  I2C0_IRQHandler             
0000160b  I2C1_IRQHandler             
0000160b  NMI_Handler                 
000011e9  OLED_Fill                   
000000c1  OLED_Init                   
00001441  OLED_SetPos                 
00000dbd  OLED_ShowStr                
0000160b  PendSV_Handler              
0000160b  RTC_IRQHandler              
000017cf  Reset_Handler               
0000160b  SPI0_IRQHandler             
0000160b  SPI1_IRQHandler             
0000160b  SVC_Handler                 
0000176d  SYSCFG_DL_GPIO_init         
0000160d  SYSCFG_DL_I2C_0_init        
00001661  SYSCFG_DL_SYSCTL_init       
000017b1  SYSCFG_DL_init              
000016dd  SYSCFG_DL_initPower         
0000160b  SysTick_Handler             
0000160b  TIMA0_IRQHandler            
0000160b  TIMA1_IRQHandler            
0000160b  TIMG0_IRQHandler            
0000160b  TIMG12_IRQHandler           
0000160b  TIMG6_IRQHandler            
0000160b  TIMG7_IRQHandler            
0000160b  TIMG8_IRQHandler            
0000160b  UART0_IRQHandler            
0000160b  UART1_IRQHandler            
0000160b  UART2_IRQHandler            
0000160b  UART3_IRQHandler            
20208000  __STACK_END                 
00000200  __STACK_SIZE                
00000000  __TI_ATRegion0_region_sz    
00000000  __TI_ATRegion0_src_addr     
00000000  __TI_ATRegion0_trg_addr     
00000000  __TI_ATRegion1_region_sz    
00000000  __TI_ATRegion1_src_addr     
00000000  __TI_ATRegion1_trg_addr     
00000000  __TI_ATRegion2_region_sz    
00000000  __TI_ATRegion2_src_addr     
00000000  __TI_ATRegion2_trg_addr     
00000000  __TI_CINIT_Base             
00000000  __TI_CINIT_Limit            
00000000  __TI_CINIT_Warm             
ffffffff  __TI_pprof_out_hndl         
ffffffff  __TI_prof_data_size         
ffffffff  __TI_prof_data_start        
00000000  __TI_static_base__          
ffffffff  __binit__                   
UNDEFED   __mpu_init                  
20207e00  __stack                     
20200000  __start___llvm_prf_bits     
20200000  __start___llvm_prf_cnts     
20200000  __stop___llvm_prf_bits      
20200000  __stop___llvm_prf_cnts      
00001791  _c_int00_noinit_noargs      
000017d3  _system_pre_init            
000017d7  abort                       
00001dd0  asc2_0806                   
000017e0  asc2_1608                   
ffffffff  binit                       
00000000  interruptVectors            
00001711  main                        


GLOBAL SYMBOLS: SORTED BY Symbol Address 

address   name                        
-------   ----                        
00000000  __TI_ATRegion0_region_sz    
00000000  __TI_ATRegion0_src_addr     
00000000  __TI_ATRegion0_trg_addr     
00000000  __TI_ATRegion1_region_sz    
00000000  __TI_ATRegion1_src_addr     
00000000  __TI_ATRegion1_trg_addr     
00000000  __TI_ATRegion2_region_sz    
00000000  __TI_ATRegion2_src_addr     
00000000  __TI_ATRegion2_trg_addr     
00000000  __TI_CINIT_Base             
00000000  __TI_CINIT_Limit            
00000000  __TI_CINIT_Warm             
00000000  __TI_static_base__          
00000000  interruptVectors            
000000c1  OLED_Init                   
00000200  __STACK_SIZE                
00000dbd  OLED_ShowStr                
000011e9  OLED_Fill                   
00001441  OLED_SetPos                 
000015ad  DL_I2C_fillControllerTXFIFO 
0000160b  ADC0_IRQHandler             
0000160b  ADC1_IRQHandler             
0000160b  AES_IRQHandler              
0000160b  CANFD0_IRQHandler           
0000160b  DAC0_IRQHandler             
0000160b  DMA_IRQHandler              
0000160b  Default_Handler             
0000160b  GROUP0_IRQHandler           
0000160b  GROUP1_IRQHandler           
0000160b  HardFault_Handler           
0000160b  I2C0_IRQHandler             
0000160b  I2C1_IRQHandler             
0000160b  NMI_Handler                 
0000160b  PendSV_Handler              
0000160b  RTC_IRQHandler              
0000160b  SPI0_IRQHandler             
0000160b  SPI1_IRQHandler             
0000160b  SVC_Handler                 
0000160b  SysTick_Handler             
0000160b  TIMA0_IRQHandler            
0000160b  TIMA1_IRQHandler            
0000160b  TIMG0_IRQHandler            
0000160b  TIMG12_IRQHandler           
0000160b  TIMG6_IRQHandler            
0000160b  TIMG7_IRQHandler            
0000160b  TIMG8_IRQHandler            
0000160b  UART0_IRQHandler            
0000160b  UART1_IRQHandler            
0000160b  UART2_IRQHandler            
0000160b  UART3_IRQHandler            
0000160d  SYSCFG_DL_I2C_0_init        
00001661  SYSCFG_DL_SYSCTL_init       
000016a1  DL_I2C_flushControllerTXFIFO
000016dd  SYSCFG_DL_initPower         
00001711  main                        
00001745  DL_I2C_setClockConfig       
0000176d  SYSCFG_DL_GPIO_init         
00001791  _c_int00_noinit_noargs      
000017b1  SYSCFG_DL_init              
000017c5  DL_Common_delayCycles       
000017cf  Reset_Handler               
000017d3  _system_pre_init            
000017d6  C$$EXIT                     
000017d7  abort                       
000017e0  asc2_1608                   
00001dd0  asc2_0806                   
20200000  __start___llvm_prf_bits     
20200000  __start___llvm_prf_cnts     
20200000  __stop___llvm_prf_bits      
20200000  __stop___llvm_prf_cnts      
20207e00  __stack                     
20208000  __STACK_END                 
ffffffff  __TI_pprof_out_hndl         
ffffffff  __TI_prof_data_size         
ffffffff  __TI_prof_data_start        
ffffffff  __binit__                   
ffffffff  binit                       
UNDEFED   __mpu_init                  

[78 symbols]
