******************************************************************************
            TI ARM Clang Linker PC v3.2.2                      
******************************************************************************
>> Linked Sun Jun  9 20:58:29 2024

OUTPUT FILE NAME:   <OLED.out>
ENTRY POINT SYMBOL: "_c_int00_noinit_noargs"  address: 00001bcd


MEMORY CONFIGURATION

         name            origin    length      used     unused   attr    fill
----------------------  --------  ---------  --------  --------  ----  --------
  FLASH                 00000000   00020000  000024a8  0001db58  R  X
  SRAM                  20200000   00008000  00000200  00007e00  RW X
  BCR_CONFIG            41c00000   00000080  00000000  00000080  R   
  BSL_CONFIG            41c00100   00000080  00000000  00000080  R   


SEGMENT ALLOCATION MAP

run origin  load origin   length   init length attrs members
----------  ----------- ---------- ----------- ----- -------
00000000    00000000    000024a8   000024a8    r-x
  00000000    00000000    000000c0   000000c0    r-- .intvecs
  000000c0    000000c0    00001ba0   00001ba0    r-x .text
  00001c60    00001c60    00000848   00000848    r-- .rodata
20207e00    20207e00    00000200   00000000    rw-
  20207e00    20207e00    00000200   00000000    rw- .stack


SECTION ALLOCATION MAP

 output                                  attributes/
section   page    origin      length       input sections
--------  ----  ----------  ----------   ----------------
.intvecs   0    00000000    000000c0     
                  00000000    000000c0     startup_mspm0g350x_ticlang.o (.intvecs)

.text      0    000000c0    00001ba0     
                  000000c0    00000cfc     oled.o (.text.OLED_Init)
                  00000dbc    0000042c     oled.o (.text.OLED_ShowStr)
                  000011e8    00000284     libc.a : _printfi.c.obj (.text:__TI_printfi_minimal)
                  0000146c    00000258     oled.o (.text.OLED_Fill)
                  000016c4    0000016c     oled.o (.text.OLED_SetPos)
                  00001830    0000009a     libc.a : memcpy16.S.obj (.text:memcpy)
                  000018ca    00000062            : memset16.S.obj (.text:memset)
                  0000192c    0000005e     driverlib.a : dl_i2c.o (.text.DL_I2C_fillControllerTXFIFO)
                  0000198a    00000002     startup_mspm0g350x_ticlang.o (.text.Default_Handler)
                  0000198c    00000054     ti_msp_dl_config.o (.text.SYSCFG_DL_I2C_0_init)
                  000019e0    00000054     empty.o (.text.main)
                  00001a34    00000040     ti_msp_dl_config.o (.text.SYSCFG_DL_SYSCTL_init)
                  00001a74    00000040     libclang_rt.builtins.a : aeabi_uidivmod.S.obj (.text.__aeabi_uidivmod)
                  00001ab4    0000003c     driverlib.a : dl_i2c.o (.text.DL_I2C_flushControllerTXFIFO)
                  00001af0    00000038     libc.a : sprintf.c.obj (.text.sprintf)
                  00001b28    00000034     ti_msp_dl_config.o (.text.SYSCFG_DL_initPower)
                  00001b5c    00000026     driverlib.a : dl_i2c.o (.text.DL_I2C_setClockConfig)
                  00001b82    00000002     libclang_rt.builtins.a : aeabi_div0.c.obj (.text.__aeabi_idiv0)
                  00001b84    00000024     ti_msp_dl_config.o (.text.SYSCFG_DL_GPIO_init)
                  00001ba8    00000022     libc.a : memccpy.c.obj (.text.memccpy)
                  00001bca    00000002     --HOLE-- [fill = 0]
                  00001bcc    00000020            : boot_cortex_m.c.obj (.text:_c_int00_noinit_noargs)
                  00001bec    00000018            : sprintf.c.obj (.text._outs)
                  00001c04    00000014     ti_msp_dl_config.o (.text.SYSCFG_DL_init)
                  00001c18    0000000e     libclang_rt.builtins.a : aeabi_memset.S.obj (.text.__aeabi_memset)
                  00001c26    0000000e     libc.a : _printfi.c.obj (.text.strlen)
                  00001c34    0000000a     driverlib.a : dl_common.o (.text.DL_Common_delayCycles)
                  00001c3e    0000000a     libc.a : sprintf.c.obj (.text._outc)
                  00001c48    00000008     libclang_rt.builtins.a : aeabi_memcpy.S.obj (.text.__aeabi_memcpy)
                  00001c50    00000004     startup_mspm0g350x_ticlang.o (.text.Reset_Handler)
                  00001c54    00000004     libc.a : pre_init.c.obj (.text._system_pre_init)
                  00001c58    00000004            : exit.c.obj (.text:abort)
                  00001c5c    00000004     --HOLE-- [fill = 0]

.cinit     0    00000000    00000000     

.rodata    0    00001c60    00000848     
                  00001c60    000005f0     oled.o (.rodata.asc2_1608)
                  00002250    00000228     oled.o (.rodata.asc2_0806)
                  00002478    00000011     libc.a : _printfi.c.obj (.rodata.str1.44690500295887128011)
                  00002489    0000000b     empty.o (.rodata.str1.162906114796922795351)
                  00002494    00000009     empty.o (.rodata.str1.92454112862644078121)
                  0000249d    00000003     empty.o (.rodata.str1.7130503275715014631)
                  000024a0    00000002     ti_msp_dl_config.o (.rodata.gI2C_0ClockConfig)
                  000024a2    00000006     --HOLE-- [fill = 0]

.init_array 
*          0    00000000    00000000     UNINITIALIZED

.binit     0    00000000    00000000     

.stack     0    20207e00    00000200     UNINITIALIZED
                  20207e00    00000004     libc.a : boot_cortex_m.c.obj (.stack)
                  20207e04    000001fc     --HOLE--

__llvm_prf_cnts 
*          0    20200000    00000000     UNINITIALIZED

__llvm_prf_bits 
*          0    20200000    00000000     UNINITIALIZED

MODULE SUMMARY

       Module                         code   ro data   rw data
       ------                         ----   -------   -------
    .\
       oled.o                         5356   2072      0      
       ti_msp_dl_config.o             256    2         0      
       startup_mspm0g350x_ticlang.o   6      192       0      
       empty.o                        84     23        0      
    +--+------------------------------+------+---------+---------+
       Total:                         5702   2289      0      
                                                              
    C:/ti/mspm0_sdk_2_00_00_03/source/ti/driverlib/lib/ticlang/m0p/mspm0g1x0x_g3x0x/driverlib.a
       dl_i2c.o                       192    0         0      
       dl_common.o                    10     0         0      
    +--+------------------------------+------+---------+---------+
       Total:                         202    0         0      
                                                              
    C:\ti\ccstheia140\ccs\tools\compiler\ti-cgt-armllvm_3.2.2.LTS\lib\armv6m-ti-none-eabi/c/libc.a
       _printfi.c.obj                 658    17        0      
       memcpy16.S.obj                 154    0         0      
       memset16.S.obj                 98     0         0      
       sprintf.c.obj                  90     0         0      
       memccpy.c.obj                  34     0         0      
       boot_cortex_m.c.obj            32     0         0      
       exit.c.obj                     4      0         0      
       pre_init.c.obj                 4      0         0      
    +--+------------------------------+------+---------+---------+
       Total:                         1074   17        0      
                                                              
    C:\ti\ccstheia140\ccs\tools\compiler\ti-cgt-armllvm_3.2.2.LTS\lib\clang/15.0.7/lib/armv6m-ti-none-eabi/libclang_rt.builtins.a
       aeabi_uidivmod.S.obj           64     0         0      
       aeabi_memset.S.obj             14     0         0      
       aeabi_memcpy.S.obj             8      0         0      
       aeabi_div0.c.obj               2      0         0      
    +--+------------------------------+------+---------+---------+
       Total:                         88     0         0      
                                                              
       Stack:                         0      0         512    
    +--+------------------------------+------+---------+---------+
       Grand Total:                   7066   2306      512    


GLOBAL SYMBOLS: SORTED ALPHABETICALLY BY Name 

address   name                        
-------   ----                        
0000198b  ADC0_IRQHandler             
0000198b  ADC1_IRQHandler             
0000198b  AES_IRQHandler              
00001c58  C$$EXIT                     
0000198b  CANFD0_IRQHandler           
0000198b  DAC0_IRQHandler             
00001c35  DL_Common_delayCycles       
0000192d  DL_I2C_fillControllerTXFIFO 
00001ab5  DL_I2C_flushControllerTXFIFO
00001b5d  DL_I2C_setClockConfig       
0000198b  DMA_IRQHandler              
0000198b  Default_Handler             
0000198b  GROUP0_IRQHandler           
0000198b  GROUP1_IRQHandler           
0000198b  HardFault_Handler           
0000198b  I2C0_IRQHandler             
0000198b  I2C1_IRQHandler             
0000198b  NMI_Handler                 
0000146d  OLED_Fill                   
000000c1  OLED_Init                   
000016c5  OLED_SetPos                 
00000dbd  OLED_ShowStr                
0000198b  PendSV_Handler              
0000198b  RTC_IRQHandler              
00001c51  Reset_Handler               
0000198b  SPI0_IRQHandler             
0000198b  SPI1_IRQHandler             
0000198b  SVC_Handler                 
00001b85  SYSCFG_DL_GPIO_init         
0000198d  SYSCFG_DL_I2C_0_init        
00001a35  SYSCFG_DL_SYSCTL_init       
00001c05  SYSCFG_DL_init              
00001b29  SYSCFG_DL_initPower         
0000198b  SysTick_Handler             
0000198b  TIMA0_IRQHandler            
0000198b  TIMA1_IRQHandler            
0000198b  TIMG0_IRQHandler            
0000198b  TIMG12_IRQHandler           
0000198b  TIMG6_IRQHandler            
0000198b  TIMG7_IRQHandler            
0000198b  TIMG8_IRQHandler            
0000198b  UART0_IRQHandler            
0000198b  UART1_IRQHandler            
0000198b  UART2_IRQHandler            
0000198b  UART3_IRQHandler            
20208000  __STACK_END                 
00000200  __STACK_SIZE                
00000000  __TI_ATRegion0_region_sz    
00000000  __TI_ATRegion0_src_addr     
00000000  __TI_ATRegion0_trg_addr     
00000000  __TI_ATRegion1_region_sz    
00000000  __TI_ATRegion1_src_addr     
00000000  __TI_ATRegion1_trg_addr     
00000000  __TI_ATRegion2_region_sz    
00000000  __TI_ATRegion2_src_addr     
00000000  __TI_ATRegion2_trg_addr     
00000000  __TI_CINIT_Base             
00000000  __TI_CINIT_Limit            
00000000  __TI_CINIT_Warm             
ffffffff  __TI_pprof_out_hndl         
000011e9  __TI_printfi_minimal        
ffffffff  __TI_prof_data_size         
ffffffff  __TI_prof_data_start        
00000000  __TI_static_base__          
00001b83  __aeabi_idiv0               
00001c49  __aeabi_memcpy              
00001c49  __aeabi_memcpy4             
00001c49  __aeabi_memcpy8             
00001c19  __aeabi_memset              
00001c19  __aeabi_memset4             
00001c19  __aeabi_memset8             
00001a75  __aeabi_uidiv               
00001a75  __aeabi_uidivmod            
ffffffff  __binit__                   
UNDEFED   __mpu_init                  
20207e00  __stack                     
20200000  __start___llvm_prf_bits     
20200000  __start___llvm_prf_cnts     
20200000  __stop___llvm_prf_bits      
20200000  __stop___llvm_prf_cnts      
00001bcd  _c_int00_noinit_noargs      
00001c55  _system_pre_init            
00001c59  abort                       
00002250  asc2_0806                   
00001c60  asc2_1608                   
ffffffff  binit                       
00000000  interruptVectors            
000019e1  main                        
00001ba9  memccpy                     
00001831  memcpy                      
000018cb  memset                      
00001af1  sprintf                     


GLOBAL SYMBOLS: SORTED BY Symbol Address 

address   name                        
-------   ----                        
00000000  __TI_ATRegion0_region_sz    
00000000  __TI_ATRegion0_src_addr     
00000000  __TI_ATRegion0_trg_addr     
00000000  __TI_ATRegion1_region_sz    
00000000  __TI_ATRegion1_src_addr     
00000000  __TI_ATRegion1_trg_addr     
00000000  __TI_ATRegion2_region_sz    
00000000  __TI_ATRegion2_src_addr     
00000000  __TI_ATRegion2_trg_addr     
00000000  __TI_CINIT_Base             
00000000  __TI_CINIT_Limit            
00000000  __TI_CINIT_Warm             
00000000  __TI_static_base__          
00000000  interruptVectors            
000000c1  OLED_Init                   
00000200  __STACK_SIZE                
00000dbd  OLED_ShowStr                
000011e9  __TI_printfi_minimal        
0000146d  OLED_Fill                   
000016c5  OLED_SetPos                 
00001831  memcpy                      
000018cb  memset                      
0000192d  DL_I2C_fillControllerTXFIFO 
0000198b  ADC0_IRQHandler             
0000198b  ADC1_IRQHandler             
0000198b  AES_IRQHandler              
0000198b  CANFD0_IRQHandler           
0000198b  DAC0_IRQHandler             
0000198b  DMA_IRQHandler              
0000198b  Default_Handler             
0000198b  GROUP0_IRQHandler           
0000198b  GROUP1_IRQHandler           
0000198b  HardFault_Handler           
0000198b  I2C0_IRQHandler             
0000198b  I2C1_IRQHandler             
0000198b  NMI_Handler                 
0000198b  PendSV_Handler              
0000198b  RTC_IRQHandler              
0000198b  SPI0_IRQHandler             
0000198b  SPI1_IRQHandler             
0000198b  SVC_Handler                 
0000198b  SysTick_Handler             
0000198b  TIMA0_IRQHandler            
0000198b  TIMA1_IRQHandler            
0000198b  TIMG0_IRQHandler            
0000198b  TIMG12_IRQHandler           
0000198b  TIMG6_IRQHandler            
0000198b  TIMG7_IRQHandler            
0000198b  TIMG8_IRQHandler            
0000198b  UART0_IRQHandler            
0000198b  UART1_IRQHandler            
0000198b  UART2_IRQHandler            
0000198b  UART3_IRQHandler            
0000198d  SYSCFG_DL_I2C_0_init        
000019e1  main                        
00001a35  SYSCFG_DL_SYSCTL_init       
00001a75  __aeabi_uidiv               
00001a75  __aeabi_uidivmod            
00001ab5  DL_I2C_flushControllerTXFIFO
00001af1  sprintf                     
00001b29  SYSCFG_DL_initPower         
00001b5d  DL_I2C_setClockConfig       
00001b83  __aeabi_idiv0               
00001b85  SYSCFG_DL_GPIO_init         
00001ba9  memccpy                     
00001bcd  _c_int00_noinit_noargs      
00001c05  SYSCFG_DL_init              
00001c19  __aeabi_memset              
00001c19  __aeabi_memset4             
00001c19  __aeabi_memset8             
00001c35  DL_Common_delayCycles       
00001c49  __aeabi_memcpy              
00001c49  __aeabi_memcpy4             
00001c49  __aeabi_memcpy8             
00001c51  Reset_Handler               
00001c55  _system_pre_init            
00001c58  C$$EXIT                     
00001c59  abort                       
00001c60  asc2_1608                   
00002250  asc2_0806                   
20200000  __start___llvm_prf_bits     
20200000  __start___llvm_prf_cnts     
20200000  __stop___llvm_prf_bits      
20200000  __stop___llvm_prf_cnts      
20207e00  __stack                     
20208000  __STACK_END                 
ffffffff  __TI_pprof_out_hndl         
ffffffff  __TI_prof_data_size         
ffffffff  __TI_prof_data_start        
ffffffff  __binit__                   
ffffffff  binit                       
UNDEFED   __mpu_init                  

[92 symbols]
