<?xml version="1.0" encoding="ISO-8859-1" ?>
<link_info>
   <banner>TI ARM Clang Linker PC v3.2.2.LTS</banner>
   <copyright>Copyright (c) 1996-2018 Texas Instruments Incorporated</copyright>
   <link_time>0x6665a6f5</link_time>
   <link_errors>0x0</link_errors>
   <output_file>C:\Users\torri\workspace_ccstheia\OLED\Debug\OLED.out</output_file>
   <entry_point>
      <name>_c_int00_noinit_noargs</name>
      <address>0x1bcd</address>
   </entry_point>
   <input_file_list>
      <input_file id="fl-1">
         <path>C:\Users\torri\workspace_ccstheia\OLED\Debug\.\</path>
         <kind>object</kind>
         <file>empty.o</file>
         <name>empty.o</name>
      </input_file>
      <input_file id="fl-2">
         <path>C:\Users\torri\workspace_ccstheia\OLED\Debug\.\</path>
         <kind>object</kind>
         <file>ti_msp_dl_config.o</file>
         <name>ti_msp_dl_config.o</name>
      </input_file>
      <input_file id="fl-3">
         <path>C:\Users\torri\workspace_ccstheia\OLED\Debug\.\</path>
         <kind>object</kind>
         <file>startup_mspm0g350x_ticlang.o</file>
         <name>startup_mspm0g350x_ticlang.o</name>
      </input_file>
      <input_file id="fl-4">
         <path>C:\Users\torri\workspace_ccstheia\OLED\Debug\.\</path>
         <kind>object</kind>
         <file>oled.o</file>
         <name>oled.o</name>
      </input_file>
      <input_file id="fl-11">
         <path>C:\Users\torri\workspace_ccstheia\OLED\Debug\</path>
         <kind>object</kind>
         <file>&lt;internal&gt;</file>
         <name>&lt;internal&gt;</name>
      </input_file>
      <input_file id="fl-12">
         <path>C:\ti\mspm0_sdk_2_00_00_03\source\ti\driverlib\lib\ticlang\m0p\mspm0g1x0x_g3x0x\</path>
         <kind>archive</kind>
         <file>driverlib.a</file>
         <name>dl_common.o</name>
      </input_file>
      <input_file id="fl-13">
         <path>C:\ti\mspm0_sdk_2_00_00_03\source\ti\driverlib\lib\ticlang\m0p\mspm0g1x0x_g3x0x\</path>
         <kind>archive</kind>
         <file>driverlib.a</file>
         <name>dl_i2c.o</name>
      </input_file>
      <input_file id="fl-22">
         <path>C:\ti\ccstheia140\ccs\tools\compiler\ti-cgt-armllvm_3.2.2.LTS\lib\armv6m-ti-none-eabi\c\</path>
         <kind>archive</kind>
         <file>libc.a</file>
         <name>sprintf.c.obj</name>
      </input_file>
      <input_file id="fl-23">
         <path>C:\ti\ccstheia140\ccs\tools\compiler\ti-cgt-armllvm_3.2.2.LTS\lib\armv6m-ti-none-eabi\c\</path>
         <kind>archive</kind>
         <file>libc.a</file>
         <name>boot_cortex_m.c.obj</name>
      </input_file>
      <input_file id="fl-24">
         <path>C:\ti\ccstheia140\ccs\tools\compiler\ti-cgt-armllvm_3.2.2.LTS\lib\armv6m-ti-none-eabi\c\</path>
         <kind>archive</kind>
         <file>libc.a</file>
         <name>mathacl_init.c.obj</name>
      </input_file>
      <input_file id="fl-25">
         <path>C:\ti\ccstheia140\ccs\tools\compiler\ti-cgt-armllvm_3.2.2.LTS\lib\armv6m-ti-none-eabi\c\</path>
         <kind>archive</kind>
         <file>libc.a</file>
         <name>autoinit.c.obj</name>
      </input_file>
      <input_file id="fl-26">
         <path>C:\ti\ccstheia140\ccs\tools\compiler\ti-cgt-armllvm_3.2.2.LTS\lib\armv6m-ti-none-eabi\c\</path>
         <kind>archive</kind>
         <file>libc.a</file>
         <name>pre_init.c.obj</name>
      </input_file>
      <input_file id="fl-27">
         <path>C:\ti\ccstheia140\ccs\tools\compiler\ti-cgt-armllvm_3.2.2.LTS\lib\armv6m-ti-none-eabi\c\</path>
         <kind>archive</kind>
         <file>libc.a</file>
         <name>cpy_tbl.c.obj</name>
      </input_file>
      <input_file id="fl-28">
         <path>C:\ti\ccstheia140\ccs\tools\compiler\ti-cgt-armllvm_3.2.2.LTS\lib\armv6m-ti-none-eabi\c\</path>
         <kind>archive</kind>
         <file>libc.a</file>
         <name>copy_zero_init.c.obj</name>
      </input_file>
      <input_file id="fl-29">
         <path>C:\ti\ccstheia140\ccs\tools\compiler\ti-cgt-armllvm_3.2.2.LTS\lib\armv6m-ti-none-eabi\c\</path>
         <kind>archive</kind>
         <file>libc.a</file>
         <name>copy_decompress_none.c.obj</name>
      </input_file>
      <input_file id="fl-2a">
         <path>C:\ti\ccstheia140\ccs\tools\compiler\ti-cgt-armllvm_3.2.2.LTS\lib\armv6m-ti-none-eabi\c\</path>
         <kind>archive</kind>
         <file>libc.a</file>
         <name>copy_decompress_lzss.c.obj</name>
      </input_file>
      <input_file id="fl-2b">
         <path>C:\ti\ccstheia140\ccs\tools\compiler\ti-cgt-armllvm_3.2.2.LTS\lib\armv6m-ti-none-eabi\c\</path>
         <kind>archive</kind>
         <file>libc.a</file>
         <name>_printfi.c.obj</name>
      </input_file>
      <input_file id="fl-2c">
         <path>C:\ti\ccstheia140\ccs\tools\compiler\ti-cgt-armllvm_3.2.2.LTS\lib\armv6m-ti-none-eabi\c\</path>
         <kind>archive</kind>
         <file>libc.a</file>
         <name>s_frexp.c.obj</name>
      </input_file>
      <input_file id="fl-2d">
         <path>C:\ti\ccstheia140\ccs\tools\compiler\ti-cgt-armllvm_3.2.2.LTS\lib\armv6m-ti-none-eabi\c\</path>
         <kind>archive</kind>
         <file>libc.a</file>
         <name>s_scalbn.c.obj</name>
      </input_file>
      <input_file id="fl-2e">
         <path>C:\ti\ccstheia140\ccs\tools\compiler\ti-cgt-armllvm_3.2.2.LTS\lib\armv6m-ti-none-eabi\c\</path>
         <kind>archive</kind>
         <file>libc.a</file>
         <name>aeabi_portable.c.obj</name>
      </input_file>
      <input_file id="fl-2f">
         <path>C:\ti\ccstheia140\ccs\tools\compiler\ti-cgt-armllvm_3.2.2.LTS\lib\armv6m-ti-none-eabi\c\</path>
         <kind>archive</kind>
         <file>libc.a</file>
         <name>exit.c.obj</name>
      </input_file>
      <input_file id="fl-30">
         <path>C:\ti\ccstheia140\ccs\tools\compiler\ti-cgt-armllvm_3.2.2.LTS\lib\armv6m-ti-none-eabi\c\</path>
         <kind>archive</kind>
         <file>libc.a</file>
         <name>_lock.c.obj</name>
      </input_file>
      <input_file id="fl-31">
         <path>C:\ti\ccstheia140\ccs\tools\compiler\ti-cgt-armllvm_3.2.2.LTS\lib\armv6m-ti-none-eabi\c\</path>
         <kind>archive</kind>
         <file>libc.a</file>
         <name>_ltoa.c.obj</name>
      </input_file>
      <input_file id="fl-32">
         <path>C:\ti\ccstheia140\ccs\tools\compiler\ti-cgt-armllvm_3.2.2.LTS\lib\armv6m-ti-none-eabi\c\</path>
         <kind>archive</kind>
         <file>libc.a</file>
         <name>args_main.c.obj</name>
      </input_file>
      <input_file id="fl-33">
         <path>C:\ti\ccstheia140\ccs\tools\compiler\ti-cgt-armllvm_3.2.2.LTS\lib\armv6m-ti-none-eabi\c\</path>
         <kind>archive</kind>
         <file>libc.a</file>
         <name>assert.c.obj</name>
      </input_file>
      <input_file id="fl-34">
         <path>C:\ti\ccstheia140\ccs\tools\compiler\ti-cgt-armllvm_3.2.2.LTS\lib\armv6m-ti-none-eabi\c\</path>
         <kind>archive</kind>
         <file>libc.a</file>
         <name>atoi.c.obj</name>
      </input_file>
      <input_file id="fl-35">
         <path>C:\ti\ccstheia140\ccs\tools\compiler\ti-cgt-armllvm_3.2.2.LTS\lib\armv6m-ti-none-eabi\c\</path>
         <kind>archive</kind>
         <file>libc.a</file>
         <name>defs.c.obj</name>
      </input_file>
      <input_file id="fl-36">
         <path>C:\ti\ccstheia140\ccs\tools\compiler\ti-cgt-armllvm_3.2.2.LTS\lib\armv6m-ti-none-eabi\c\</path>
         <kind>archive</kind>
         <file>libc.a</file>
         <name>memccpy.c.obj</name>
      </input_file>
      <input_file id="fl-37">
         <path>C:\ti\ccstheia140\ccs\tools\compiler\ti-cgt-armllvm_3.2.2.LTS\lib\armv6m-ti-none-eabi\c\</path>
         <kind>archive</kind>
         <file>libc.a</file>
         <name>memory.c.obj</name>
      </input_file>
      <input_file id="fl-38">
         <path>C:\ti\ccstheia140\ccs\tools\compiler\ti-cgt-armllvm_3.2.2.LTS\lib\armv6m-ti-none-eabi\c\</path>
         <kind>archive</kind>
         <file>libc.a</file>
         <name>wcslen.c.obj</name>
      </input_file>
      <input_file id="fl-39">
         <path>C:\ti\ccstheia140\ccs\tools\compiler\ti-cgt-armllvm_3.2.2.LTS\lib\armv6m-ti-none-eabi\c\</path>
         <kind>archive</kind>
         <file>libc.a</file>
         <name>fflush.c.obj</name>
      </input_file>
      <input_file id="fl-3a">
         <path>C:\ti\ccstheia140\ccs\tools\compiler\ti-cgt-armllvm_3.2.2.LTS\lib\armv6m-ti-none-eabi\c\</path>
         <kind>archive</kind>
         <file>libc.a</file>
         <name>fputs.c.obj</name>
      </input_file>
      <input_file id="fl-3b">
         <path>C:\ti\ccstheia140\ccs\tools\compiler\ti-cgt-armllvm_3.2.2.LTS\lib\armv6m-ti-none-eabi\c\</path>
         <kind>archive</kind>
         <file>libc.a</file>
         <name>_io_perm.c.obj</name>
      </input_file>
      <input_file id="fl-3c">
         <path>C:\ti\ccstheia140\ccs\tools\compiler\ti-cgt-armllvm_3.2.2.LTS\lib\armv6m-ti-none-eabi\c\</path>
         <kind>archive</kind>
         <file>libc.a</file>
         <name>setvbuf.c.obj</name>
      </input_file>
      <input_file id="fl-3d">
         <path>C:\ti\ccstheia140\ccs\tools\compiler\ti-cgt-armllvm_3.2.2.LTS\lib\armv6m-ti-none-eabi\c\</path>
         <kind>archive</kind>
         <file>libc.a</file>
         <name>aeabi_ctype.S.obj</name>
      </input_file>
      <input_file id="fl-3e">
         <path>C:\ti\ccstheia140\ccs\tools\compiler\ti-cgt-armllvm_3.2.2.LTS\lib\armv6m-ti-none-eabi\c\</path>
         <kind>archive</kind>
         <file>libc.a</file>
         <name>fopen.c.obj</name>
      </input_file>
      <input_file id="fl-3f">
         <path>C:\ti\ccstheia140\ccs\tools\compiler\ti-cgt-armllvm_3.2.2.LTS\lib\armv6m-ti-none-eabi\c\</path>
         <kind>archive</kind>
         <file>libc.a</file>
         <name>fseek.c.obj</name>
      </input_file>
      <input_file id="fl-40">
         <path>C:\ti\ccstheia140\ccs\tools\compiler\ti-cgt-armllvm_3.2.2.LTS\lib\armv6m-ti-none-eabi\c\</path>
         <kind>archive</kind>
         <file>libc.a</file>
         <name>fclose.c.obj</name>
      </input_file>
      <input_file id="fl-a6">
         <path>C:\ti\ccstheia140\ccs\tools\compiler\ti-cgt-armllvm_3.2.2.LTS\lib\armv6m-ti-none-eabi\c\</path>
         <kind>archive</kind>
         <file>libsysbm.a</file>
         <name>write.c.obj</name>
      </input_file>
      <input_file id="fl-a7">
         <path>C:\ti\ccstheia140\ccs\tools\compiler\ti-cgt-armllvm_3.2.2.LTS\lib\armv6m-ti-none-eabi\c\</path>
         <kind>archive</kind>
         <file>libsysbm.a</file>
         <name>host_device.c.obj</name>
      </input_file>
      <input_file id="fl-a8">
         <path>C:\ti\ccstheia140\ccs\tools\compiler\ti-cgt-armllvm_3.2.2.LTS\lib\armv6m-ti-none-eabi\c\</path>
         <kind>archive</kind>
         <file>libsysbm.a</file>
         <name>remove.c.obj</name>
      </input_file>
      <input_file id="fl-a9">
         <path>C:\ti\ccstheia140\ccs\tools\compiler\ti-cgt-armllvm_3.2.2.LTS\lib\armv6m-ti-none-eabi\c\</path>
         <kind>archive</kind>
         <file>libsysbm.a</file>
         <name>open.c.obj</name>
      </input_file>
      <input_file id="fl-aa">
         <path>C:\ti\ccstheia140\ccs\tools\compiler\ti-cgt-armllvm_3.2.2.LTS\lib\armv6m-ti-none-eabi\c\</path>
         <kind>archive</kind>
         <file>libsysbm.a</file>
         <name>lseek.c.obj</name>
      </input_file>
      <input_file id="fl-ab">
         <path>C:\ti\ccstheia140\ccs\tools\compiler\ti-cgt-armllvm_3.2.2.LTS\lib\armv6m-ti-none-eabi\c\</path>
         <kind>archive</kind>
         <file>libsysbm.a</file>
         <name>close.c.obj</name>
      </input_file>
      <input_file id="fl-ac">
         <path>C:\ti\ccstheia140\ccs\tools\compiler\ti-cgt-armllvm_3.2.2.LTS\lib\armv6m-ti-none-eabi\c\</path>
         <kind>archive</kind>
         <file>libsysbm.a</file>
         <name>unlink.c.obj</name>
      </input_file>
      <input_file id="fl-ad">
         <path>C:\ti\ccstheia140\ccs\tools\compiler\ti-cgt-armllvm_3.2.2.LTS\lib\armv6m-ti-none-eabi\c\</path>
         <kind>archive</kind>
         <file>libsysbm.a</file>
         <name>hostclose.c.obj</name>
      </input_file>
      <input_file id="fl-ae">
         <path>C:\ti\ccstheia140\ccs\tools\compiler\ti-cgt-armllvm_3.2.2.LTS\lib\armv6m-ti-none-eabi\c\</path>
         <kind>archive</kind>
         <file>libsysbm.a</file>
         <name>hostlseek.c.obj</name>
      </input_file>
      <input_file id="fl-af">
         <path>C:\ti\ccstheia140\ccs\tools\compiler\ti-cgt-armllvm_3.2.2.LTS\lib\armv6m-ti-none-eabi\c\</path>
         <kind>archive</kind>
         <file>libsysbm.a</file>
         <name>hostopen.c.obj</name>
      </input_file>
      <input_file id="fl-b0">
         <path>C:\ti\ccstheia140\ccs\tools\compiler\ti-cgt-armllvm_3.2.2.LTS\lib\armv6m-ti-none-eabi\c\</path>
         <kind>archive</kind>
         <file>libsysbm.a</file>
         <name>hostread.c.obj</name>
      </input_file>
      <input_file id="fl-b1">
         <path>C:\ti\ccstheia140\ccs\tools\compiler\ti-cgt-armllvm_3.2.2.LTS\lib\armv6m-ti-none-eabi\c\</path>
         <kind>archive</kind>
         <file>libsysbm.a</file>
         <name>hostrename.c.obj</name>
      </input_file>
      <input_file id="fl-b2">
         <path>C:\ti\ccstheia140\ccs\tools\compiler\ti-cgt-armllvm_3.2.2.LTS\lib\armv6m-ti-none-eabi\c\</path>
         <kind>archive</kind>
         <file>libsysbm.a</file>
         <name>hostunlink.c.obj</name>
      </input_file>
      <input_file id="fl-b3">
         <path>C:\ti\ccstheia140\ccs\tools\compiler\ti-cgt-armllvm_3.2.2.LTS\lib\armv6m-ti-none-eabi\c\</path>
         <kind>archive</kind>
         <file>libsysbm.a</file>
         <name>hostwrite.c.obj</name>
      </input_file>
      <input_file id="fl-b4">
         <path>C:\ti\ccstheia140\ccs\tools\compiler\ti-cgt-armllvm_3.2.2.LTS\lib\armv6m-ti-none-eabi\c\</path>
         <kind>archive</kind>
         <file>libsysbm.a</file>
         <name>trgmsg.c.obj</name>
      </input_file>
      <input_file id="fl-b5">
         <path>C:\ti\ccstheia140\ccs\tools\compiler\ti-cgt-armllvm_3.2.2.LTS\lib\clang\15.0.7\lib\armv6m-ti-none-eabi\</path>
         <kind>archive</kind>
         <file>libclang_rt.builtins.a</file>
         <name>adddf3.S.obj</name>
      </input_file>
      <input_file id="fl-b6">
         <path>C:\ti\ccstheia140\ccs\tools\compiler\ti-cgt-armllvm_3.2.2.LTS\lib\clang\15.0.7\lib\armv6m-ti-none-eabi\</path>
         <kind>archive</kind>
         <file>libclang_rt.builtins.a</file>
         <name>muldf3.S.obj</name>
      </input_file>
      <input_file id="fl-b7">
         <path>C:\ti\ccstheia140\ccs\tools\compiler\ti-cgt-armllvm_3.2.2.LTS\lib\clang\15.0.7\lib\armv6m-ti-none-eabi\</path>
         <kind>archive</kind>
         <file>libclang_rt.builtins.a</file>
         <name>muldsi3.S.obj</name>
      </input_file>
      <input_file id="fl-b8">
         <path>C:\ti\ccstheia140\ccs\tools\compiler\ti-cgt-armllvm_3.2.2.LTS\lib\clang\15.0.7\lib\armv6m-ti-none-eabi\</path>
         <kind>archive</kind>
         <file>libclang_rt.builtins.a</file>
         <name>divdf3.S.obj</name>
      </input_file>
      <input_file id="fl-b9">
         <path>C:\ti\ccstheia140\ccs\tools\compiler\ti-cgt-armllvm_3.2.2.LTS\lib\clang\15.0.7\lib\armv6m-ti-none-eabi\</path>
         <kind>archive</kind>
         <file>libclang_rt.builtins.a</file>
         <name>fixdfsi.S.obj</name>
      </input_file>
      <input_file id="fl-ba">
         <path>C:\ti\ccstheia140\ccs\tools\compiler\ti-cgt-armllvm_3.2.2.LTS\lib\clang\15.0.7\lib\armv6m-ti-none-eabi\</path>
         <kind>archive</kind>
         <file>libclang_rt.builtins.a</file>
         <name>floatsidf.S.obj</name>
      </input_file>
      <input_file id="fl-bb">
         <path>C:\ti\ccstheia140\ccs\tools\compiler\ti-cgt-armllvm_3.2.2.LTS\lib\clang\15.0.7\lib\armv6m-ti-none-eabi\</path>
         <kind>archive</kind>
         <file>libclang_rt.builtins.a</file>
         <name>muldi3.S.obj</name>
      </input_file>
      <input_file id="fl-bc">
         <path>C:\ti\ccstheia140\ccs\tools\compiler\ti-cgt-armllvm_3.2.2.LTS\lib\clang\15.0.7\lib\armv6m-ti-none-eabi\</path>
         <kind>archive</kind>
         <file>libclang_rt.builtins.a</file>
         <name>aeabi_dcmp.S.obj</name>
      </input_file>
      <input_file id="fl-bd">
         <path>C:\ti\ccstheia140\ccs\tools\compiler\ti-cgt-armllvm_3.2.2.LTS\lib\clang\15.0.7\lib\armv6m-ti-none-eabi\</path>
         <kind>archive</kind>
         <file>libclang_rt.builtins.a</file>
         <name>aeabi_idivmod.S.obj</name>
      </input_file>
      <input_file id="fl-be">
         <path>C:\ti\ccstheia140\ccs\tools\compiler\ti-cgt-armllvm_3.2.2.LTS\lib\clang\15.0.7\lib\armv6m-ti-none-eabi\</path>
         <kind>archive</kind>
         <file>libclang_rt.builtins.a</file>
         <name>aeabi_memcpy.S.obj</name>
      </input_file>
      <input_file id="fl-bf">
         <path>C:\ti\ccstheia140\ccs\tools\compiler\ti-cgt-armllvm_3.2.2.LTS\lib\clang\15.0.7\lib\armv6m-ti-none-eabi\</path>
         <kind>archive</kind>
         <file>libclang_rt.builtins.a</file>
         <name>aeabi_memset.S.obj</name>
      </input_file>
      <input_file id="fl-c0">
         <path>C:\ti\ccstheia140\ccs\tools\compiler\ti-cgt-armllvm_3.2.2.LTS\lib\clang\15.0.7\lib\armv6m-ti-none-eabi\</path>
         <kind>archive</kind>
         <file>libclang_rt.builtins.a</file>
         <name>aeabi_uidivmod.S.obj</name>
      </input_file>
      <input_file id="fl-c1">
         <path>C:\ti\ccstheia140\ccs\tools\compiler\ti-cgt-armllvm_3.2.2.LTS\lib\clang\15.0.7\lib\armv6m-ti-none-eabi\</path>
         <kind>archive</kind>
         <file>libclang_rt.builtins.a</file>
         <name>aeabi_uldivmod.S.obj</name>
      </input_file>
      <input_file id="fl-c2">
         <path>C:\ti\ccstheia140\ccs\tools\compiler\ti-cgt-armllvm_3.2.2.LTS\lib\clang\15.0.7\lib\armv6m-ti-none-eabi\</path>
         <kind>archive</kind>
         <file>libclang_rt.builtins.a</file>
         <name>udivmoddi4.S.obj</name>
      </input_file>
      <input_file id="fl-c3">
         <path>C:\ti\ccstheia140\ccs\tools\compiler\ti-cgt-armllvm_3.2.2.LTS\lib\clang\15.0.7\lib\armv6m-ti-none-eabi\</path>
         <kind>archive</kind>
         <file>libclang_rt.builtins.a</file>
         <name>ashldi3.S.obj</name>
      </input_file>
      <input_file id="fl-c4">
         <path>C:\ti\ccstheia140\ccs\tools\compiler\ti-cgt-armllvm_3.2.2.LTS\lib\clang\15.0.7\lib\armv6m-ti-none-eabi\</path>
         <kind>archive</kind>
         <file>libclang_rt.builtins.a</file>
         <name>comparedf2.c.obj</name>
      </input_file>
      <input_file id="fl-c5">
         <path>C:\ti\ccstheia140\ccs\tools\compiler\ti-cgt-armllvm_3.2.2.LTS\lib\clang\15.0.7\lib\armv6m-ti-none-eabi\</path>
         <kind>archive</kind>
         <file>libclang_rt.builtins.a</file>
         <name>aeabi_div0.c.obj</name>
      </input_file>
      <input_file id="fl-c6">
         <path>C:\ti\ccstheia140\ccs\tools\compiler\ti-cgt-armllvm_3.2.2.LTS\lib\armv6m-ti-none-eabi\c\</path>
         <kind>archive</kind>
         <file>libc.a</file>
         <name>getdevice.c.obj</name>
      </input_file>
      <input_file id="fl-c7">
         <path>C:\ti\ccstheia140\ccs\tools\compiler\ti-cgt-armllvm_3.2.2.LTS\lib\armv6m-ti-none-eabi\c\</path>
         <kind>archive</kind>
         <file>libc.a</file>
         <name>memcpy16.S.obj</name>
      </input_file>
      <input_file id="fl-c8">
         <path>C:\ti\ccstheia140\ccs\tools\compiler\ti-cgt-armllvm_3.2.2.LTS\lib\armv6m-ti-none-eabi\c\</path>
         <kind>archive</kind>
         <file>libc.a</file>
         <name>memset16.S.obj</name>
      </input_file>
   </input_file_list>
   <object_component_list>
      <object_component id="oc-18">
         <name>.intvecs</name>
         <load_address>0x0</load_address>
         <readonly>true</readonly>
         <run_address>0x0</run_address>
         <size>0xc0</size>
         <alignment>0x4</alignment>
         <input_file_ref idref="fl-3"/>
      </object_component>
      <object_component id="oc-80">
         <name>.text.OLED_Init</name>
         <load_address>0xc0</load_address>
         <readonly>true</readonly>
         <executable>true</executable>
         <run_address>0xc0</run_address>
         <size>0xcfc</size>
         <alignment>0x4</alignment>
         <input_file_ref idref="fl-4"/>
      </object_component>
      <object_component id="oc-87">
         <name>.text.OLED_ShowStr</name>
         <load_address>0xdbc</load_address>
         <readonly>true</readonly>
         <executable>true</executable>
         <run_address>0xdbc</run_address>
         <size>0x42c</size>
         <alignment>0x4</alignment>
         <input_file_ref idref="fl-4"/>
      </object_component>
      <object_component id="oc-e0">
         <name>.text:__TI_printfi_minimal</name>
         <load_address>0x11e8</load_address>
         <readonly>true</readonly>
         <executable>true</executable>
         <run_address>0x11e8</run_address>
         <size>0x284</size>
         <alignment>0x4</alignment>
         <input_file_ref idref="fl-2b"/>
      </object_component>
      <object_component id="oc-86">
         <name>.text.OLED_Fill</name>
         <load_address>0x146c</load_address>
         <readonly>true</readonly>
         <executable>true</executable>
         <run_address>0x146c</run_address>
         <size>0x258</size>
         <alignment>0x4</alignment>
         <input_file_ref idref="fl-4"/>
      </object_component>
      <object_component id="oc-c3">
         <name>.text.OLED_SetPos</name>
         <load_address>0x16c4</load_address>
         <readonly>true</readonly>
         <executable>true</executable>
         <run_address>0x16c4</run_address>
         <size>0x16c</size>
         <alignment>0x4</alignment>
         <input_file_ref idref="fl-4"/>
      </object_component>
      <object_component id="oc-76">
         <name>.text:memcpy</name>
         <load_address>0x1830</load_address>
         <readonly>true</readonly>
         <executable>true</executable>
         <run_address>0x1830</run_address>
         <size>0x9a</size>
         <alignment>0x1</alignment>
         <input_file_ref idref="fl-c7"/>
      </object_component>
      <object_component id="oc-b2">
         <name>.text:memset</name>
         <load_address>0x18ca</load_address>
         <readonly>true</readonly>
         <executable>true</executable>
         <run_address>0x18ca</run_address>
         <size>0x62</size>
         <alignment>0x1</alignment>
         <input_file_ref idref="fl-c8"/>
      </object_component>
      <object_component id="oc-ba">
         <name>.text.DL_I2C_fillControllerTXFIFO</name>
         <load_address>0x192c</load_address>
         <readonly>true</readonly>
         <executable>true</executable>
         <run_address>0x192c</run_address>
         <size>0x5e</size>
         <alignment>0x2</alignment>
         <input_file_ref idref="fl-13"/>
      </object_component>
      <object_component id="oc-33">
         <name>.text.Default_Handler</name>
         <load_address>0x198a</load_address>
         <readonly>true</readonly>
         <executable>true</executable>
         <run_address>0x198a</run_address>
         <size>0x2</size>
         <alignment>0x2</alignment>
         <input_file_ref idref="fl-3"/>
      </object_component>
      <object_component id="oc-b7">
         <name>.text.SYSCFG_DL_I2C_0_init</name>
         <load_address>0x198c</load_address>
         <readonly>true</readonly>
         <executable>true</executable>
         <run_address>0x198c</run_address>
         <size>0x54</size>
         <alignment>0x4</alignment>
         <input_file_ref idref="fl-2"/>
      </object_component>
      <object_component id="oc-63">
         <name>.text.main</name>
         <load_address>0x19e0</load_address>
         <readonly>true</readonly>
         <executable>true</executable>
         <run_address>0x19e0</run_address>
         <size>0x54</size>
         <alignment>0x4</alignment>
         <input_file_ref idref="fl-1"/>
      </object_component>
      <object_component id="oc-b5">
         <name>.text.SYSCFG_DL_SYSCTL_init</name>
         <load_address>0x1a34</load_address>
         <readonly>true</readonly>
         <executable>true</executable>
         <run_address>0x1a34</run_address>
         <size>0x40</size>
         <alignment>0x4</alignment>
         <input_file_ref idref="fl-2"/>
      </object_component>
      <object_component id="oc-fb">
         <name>.text.__aeabi_uidivmod</name>
         <load_address>0x1a74</load_address>
         <readonly>true</readonly>
         <executable>true</executable>
         <run_address>0x1a74</run_address>
         <size>0x40</size>
         <alignment>0x4</alignment>
         <input_file_ref idref="fl-c0"/>
      </object_component>
      <object_component id="oc-c0">
         <name>.text.DL_I2C_flushControllerTXFIFO</name>
         <load_address>0x1ab4</load_address>
         <readonly>true</readonly>
         <executable>true</executable>
         <run_address>0x1ab4</run_address>
         <size>0x3c</size>
         <alignment>0x4</alignment>
         <input_file_ref idref="fl-13"/>
      </object_component>
      <object_component id="oc-88">
         <name>.text.sprintf</name>
         <load_address>0x1af0</load_address>
         <readonly>true</readonly>
         <executable>true</executable>
         <run_address>0x1af0</run_address>
         <size>0x38</size>
         <alignment>0x4</alignment>
         <input_file_ref idref="fl-22"/>
      </object_component>
      <object_component id="oc-b3">
         <name>.text.SYSCFG_DL_initPower</name>
         <load_address>0x1b28</load_address>
         <readonly>true</readonly>
         <executable>true</executable>
         <run_address>0x1b28</run_address>
         <size>0x34</size>
         <alignment>0x4</alignment>
         <input_file_ref idref="fl-2"/>
      </object_component>
      <object_component id="oc-dc">
         <name>.text.DL_I2C_setClockConfig</name>
         <load_address>0x1b5c</load_address>
         <readonly>true</readonly>
         <executable>true</executable>
         <run_address>0x1b5c</run_address>
         <size>0x26</size>
         <alignment>0x2</alignment>
         <input_file_ref idref="fl-13"/>
      </object_component>
      <object_component id="oc-122">
         <name>.text.__aeabi_idiv0</name>
         <load_address>0x1b82</load_address>
         <readonly>true</readonly>
         <executable>true</executable>
         <run_address>0x1b82</run_address>
         <size>0x2</size>
         <alignment>0x2</alignment>
         <input_file_ref idref="fl-c5"/>
      </object_component>
      <object_component id="oc-b4">
         <name>.text.SYSCFG_DL_GPIO_init</name>
         <load_address>0x1b84</load_address>
         <readonly>true</readonly>
         <executable>true</executable>
         <run_address>0x1b84</run_address>
         <size>0x24</size>
         <alignment>0x4</alignment>
         <input_file_ref idref="fl-2"/>
      </object_component>
      <object_component id="oc-f6">
         <name>.text.memccpy</name>
         <load_address>0x1ba8</load_address>
         <readonly>true</readonly>
         <executable>true</executable>
         <run_address>0x1ba8</run_address>
         <size>0x22</size>
         <alignment>0x2</alignment>
         <input_file_ref idref="fl-36"/>
      </object_component>
      <object_component id="oc-4d">
         <name>.text:_c_int00_noinit_noargs</name>
         <load_address>0x1bcc</load_address>
         <readonly>true</readonly>
         <executable>true</executable>
         <run_address>0x1bcc</run_address>
         <size>0x20</size>
         <alignment>0x4</alignment>
         <input_file_ref idref="fl-23"/>
      </object_component>
      <object_component id="oc-c7">
         <name>.text._outs</name>
         <load_address>0x1bec</load_address>
         <readonly>true</readonly>
         <executable>true</executable>
         <run_address>0x1bec</run_address>
         <size>0x18</size>
         <alignment>0x2</alignment>
         <input_file_ref idref="fl-22"/>
      </object_component>
      <object_component id="oc-7b">
         <name>.text.SYSCFG_DL_init</name>
         <load_address>0x1c04</load_address>
         <readonly>true</readonly>
         <executable>true</executable>
         <run_address>0x1c04</run_address>
         <size>0x14</size>
         <alignment>0x2</alignment>
         <input_file_ref idref="fl-2"/>
      </object_component>
      <object_component id="oc-f5">
         <name>.text.__aeabi_memset</name>
         <load_address>0x1c18</load_address>
         <readonly>true</readonly>
         <executable>true</executable>
         <run_address>0x1c18</run_address>
         <size>0xe</size>
         <alignment>0x4</alignment>
         <input_file_ref idref="fl-bf"/>
      </object_component>
      <object_component id="oc-f4">
         <name>.text.strlen</name>
         <load_address>0x1c26</load_address>
         <readonly>true</readonly>
         <executable>true</executable>
         <run_address>0x1c26</run_address>
         <size>0xe</size>
         <alignment>0x2</alignment>
         <input_file_ref idref="fl-2b"/>
      </object_component>
      <object_component id="oc-d8">
         <name>.text.DL_Common_delayCycles</name>
         <load_address>0x1c34</load_address>
         <readonly>true</readonly>
         <executable>true</executable>
         <run_address>0x1c34</run_address>
         <size>0xa</size>
         <alignment>0x2</alignment>
         <input_file_ref idref="fl-12"/>
      </object_component>
      <object_component id="oc-c8">
         <name>.text._outc</name>
         <load_address>0x1c3e</load_address>
         <readonly>true</readonly>
         <executable>true</executable>
         <run_address>0x1c3e</run_address>
         <size>0xa</size>
         <alignment>0x2</alignment>
         <input_file_ref idref="fl-22"/>
      </object_component>
      <object_component id="oc-3f">
         <name>.text.__aeabi_memcpy</name>
         <load_address>0x1c48</load_address>
         <readonly>true</readonly>
         <executable>true</executable>
         <run_address>0x1c48</run_address>
         <size>0x8</size>
         <alignment>0x4</alignment>
         <input_file_ref idref="fl-be"/>
      </object_component>
      <object_component id="oc-2f">
         <name>.text.Reset_Handler</name>
         <load_address>0x1c50</load_address>
         <readonly>true</readonly>
         <executable>true</executable>
         <run_address>0x1c50</run_address>
         <size>0x4</size>
         <alignment>0x2</alignment>
         <input_file_ref idref="fl-3"/>
      </object_component>
      <object_component id="oc-5f">
         <name>.text._system_pre_init</name>
         <load_address>0x1c54</load_address>
         <readonly>true</readonly>
         <executable>true</executable>
         <run_address>0x1c54</run_address>
         <size>0x4</size>
         <alignment>0x2</alignment>
         <input_file_ref idref="fl-26"/>
      </object_component>
      <object_component id="oc-93">
         <name>.text:abort</name>
         <load_address>0x1c58</load_address>
         <readonly>true</readonly>
         <executable>true</executable>
         <run_address>0x1c58</run_address>
         <size>0x4</size>
         <alignment>0x2</alignment>
         <input_file_ref idref="fl-2f"/>
      </object_component>
      <object_component id="oc-1ce">
         <name>__TI_cinit_table</name>
         <load_address>0x0</load_address>
         <readonly>true</readonly>
         <run_address>0x0</run_address>
         <size>0x0</size>
         <alignment>0x4</alignment>
      </object_component>
      <object_component id="oc-c4">
         <name>.rodata.asc2_1608</name>
         <load_address>0x1c60</load_address>
         <readonly>true</readonly>
         <run_address>0x1c60</run_address>
         <size>0x5f0</size>
         <alignment>0x1</alignment>
         <input_file_ref idref="fl-4"/>
      </object_component>
      <object_component id="oc-c5">
         <name>.rodata.asc2_0806</name>
         <load_address>0x2250</load_address>
         <readonly>true</readonly>
         <run_address>0x2250</run_address>
         <size>0x228</size>
         <alignment>0x1</alignment>
         <input_file_ref idref="fl-4"/>
      </object_component>
      <object_component id="oc-fa">
         <name>.rodata.str1.44690500295887128011</name>
         <load_address>0x2478</load_address>
         <readonly>true</readonly>
         <run_address>0x2478</run_address>
         <size>0x11</size>
         <alignment>0x1</alignment>
         <input_file_ref idref="fl-2b"/>
      </object_component>
      <object_component id="oc-8e">
         <name>.rodata.str1.162906114796922795351</name>
         <load_address>0x2489</load_address>
         <readonly>true</readonly>
         <run_address>0x2489</run_address>
         <size>0xb</size>
         <alignment>0x1</alignment>
         <input_file_ref idref="fl-1"/>
      </object_component>
      <object_component id="oc-8f">
         <name>.rodata.str1.92454112862644078121</name>
         <load_address>0x2494</load_address>
         <readonly>true</readonly>
         <run_address>0x2494</run_address>
         <size>0x9</size>
         <alignment>0x1</alignment>
         <input_file_ref idref="fl-1"/>
      </object_component>
      <object_component id="oc-90">
         <name>.rodata.str1.7130503275715014631</name>
         <load_address>0x249d</load_address>
         <readonly>true</readonly>
         <run_address>0x249d</run_address>
         <size>0x3</size>
         <alignment>0x1</alignment>
         <input_file_ref idref="fl-1"/>
      </object_component>
      <object_component id="oc-dd">
         <name>.rodata.gI2C_0ClockConfig</name>
         <load_address>0x24a0</load_address>
         <readonly>true</readonly>
         <run_address>0x24a0</run_address>
         <size>0x2</size>
         <alignment>0x1</alignment>
         <input_file_ref idref="fl-2"/>
      </object_component>
      <object_component id="oc-195">
         <name>.binit</name>
         <load_address>0x0</load_address>
         <readonly>true</readonly>
         <run_address>0x0</run_address>
         <size>0x0</size>
         <alignment>0x4</alignment>
      </object_component>
      <object_component id="oc-1a">
         <name>.stack</name>
         <uninitialized>true</uninitialized>
         <readwrite>true</readwrite>
         <run_address>0x20207e00</run_address>
         <size>0x4</size>
         <alignment>0x4</alignment>
         <input_file_ref idref="fl-23"/>
      </object_component>
      <object_component id="oc-1d0">
         <name>.stack</name>
         <uninitialized>true</uninitialized>
         <readwrite>true</readwrite>
         <run_address>0x20207e00</run_address>
         <size>0x0</size>
         <alignment>0x8</alignment>
      </object_component>
      <object_component id="oc-91">
         <name>.debug_abbrev</name>
         <load_address>0x0</load_address>
         <run_address>0x0</run_address>
         <size>0xa1</size>
         <alignment>0x1</alignment>
         <input_file_ref idref="fl-1"/>
      </object_component>
      <object_component id="oc-b8">
         <name>.debug_abbrev</name>
         <load_address>0xa1</load_address>
         <run_address>0xa1</run_address>
         <size>0x1e8</size>
         <alignment>0x1</alignment>
         <input_file_ref idref="fl-2"/>
      </object_component>
      <object_component id="oc-34">
         <name>.debug_abbrev</name>
         <load_address>0x289</load_address>
         <run_address>0x289</run_address>
         <size>0x6d</size>
         <alignment>0x1</alignment>
         <input_file_ref idref="fl-3"/>
      </object_component>
      <object_component id="oc-c1">
         <name>.debug_abbrev</name>
         <load_address>0x2f6</load_address>
         <run_address>0x2f6</run_address>
         <size>0x21d</size>
         <alignment>0x1</alignment>
         <input_file_ref idref="fl-4"/>
      </object_component>
      <object_component id="oc-f1">
         <name>.debug_abbrev</name>
         <load_address>0x513</load_address>
         <run_address>0x513</run_address>
         <size>0x62</size>
         <alignment>0x1</alignment>
         <input_file_ref idref="fl-12"/>
      </object_component>
      <object_component id="oc-de">
         <name>.debug_abbrev</name>
         <load_address>0x575</load_address>
         <run_address>0x575</run_address>
         <size>0x1e7</size>
         <alignment>0x1</alignment>
         <input_file_ref idref="fl-13"/>
      </object_component>
      <object_component id="oc-c9">
         <name>.debug_abbrev</name>
         <load_address>0x75c</load_address>
         <run_address>0x75c</run_address>
         <size>0xe1</size>
         <alignment>0x1</alignment>
         <input_file_ref idref="fl-22"/>
      </object_component>
      <object_component id="oc-36">
         <name>.debug_abbrev</name>
         <load_address>0x83d</load_address>
         <run_address>0x83d</run_address>
         <size>0xaf</size>
         <alignment>0x1</alignment>
         <input_file_ref idref="fl-23"/>
      </object_component>
      <object_component id="oc-79">
         <name>.debug_abbrev</name>
         <load_address>0x8ec</load_address>
         <run_address>0x8ec</run_address>
         <size>0x39</size>
         <alignment>0x1</alignment>
         <input_file_ref idref="fl-26"/>
      </object_component>
      <object_component id="oc-ff">
         <name>.debug_abbrev</name>
         <load_address>0x925</load_address>
         <run_address>0x925</run_address>
         <size>0x2f5</size>
         <alignment>0x1</alignment>
         <input_file_ref idref="fl-2b"/>
      </object_component>
      <object_component id="oc-cb">
         <name>.debug_abbrev</name>
         <load_address>0xc1a</load_address>
         <run_address>0xc1a</run_address>
         <size>0xb3</size>
         <alignment>0x1</alignment>
         <input_file_ref idref="fl-2f"/>
      </object_component>
      <object_component id="oc-11f">
         <name>.debug_abbrev</name>
         <load_address>0xccd</load_address>
         <run_address>0xccd</run_address>
         <size>0x8b</size>
         <alignment>0x1</alignment>
         <input_file_ref idref="fl-36"/>
      </object_component>
      <object_component id="oc-57">
         <name>.debug_abbrev</name>
         <load_address>0xd58</load_address>
         <run_address>0xd58</run_address>
         <size>0x27</size>
         <alignment>0x1</alignment>
         <input_file_ref idref="fl-be"/>
      </object_component>
      <object_component id="oc-78">
         <name>.debug_abbrev</name>
         <load_address>0xd7f</load_address>
         <run_address>0xd7f</run_address>
         <size>0x25</size>
         <alignment>0x1</alignment>
         <input_file_ref idref="fl-bf"/>
      </object_component>
      <object_component id="oc-127">
         <name>.debug_abbrev</name>
         <load_address>0xda4</load_address>
         <run_address>0xda4</run_address>
         <size>0x27</size>
         <alignment>0x1</alignment>
         <input_file_ref idref="fl-c0"/>
      </object_component>
      <object_component id="oc-16c">
         <name>.debug_abbrev</name>
         <load_address>0xdcb</load_address>
         <run_address>0xdcb</run_address>
         <size>0x59</size>
         <alignment>0x1</alignment>
         <input_file_ref idref="fl-c5"/>
      </object_component>
      <object_component id="oc-ac">
         <name>.debug_abbrev</name>
         <load_address>0xe24</load_address>
         <run_address>0xe24</run_address>
         <size>0x25</size>
         <alignment>0x1</alignment>
         <input_file_ref idref="fl-c7"/>
      </object_component>
      <object_component id="oc-d7">
         <name>.debug_abbrev</name>
         <load_address>0xe49</load_address>
         <run_address>0xe49</run_address>
         <size>0x25</size>
         <alignment>0x1</alignment>
         <input_file_ref idref="fl-c8"/>
      </object_component>
      <object_component id="oc-1d2">
         <name>.debug_abbrev</name>
         <load_address>0xe6e</load_address>
         <run_address>0xe6e</run_address>
         <size>0xf</size>
         <alignment>0x0</alignment>
      </object_component>
      <object_component id="oc-64">
         <name>.debug_info</name>
         <load_address>0x0</load_address>
         <run_address>0x0</run_address>
         <size>0x134</size>
         <alignment>0x1</alignment>
         <input_file_ref idref="fl-1"/>
      </object_component>
      <object_component id="oc-7c">
         <name>.debug_info</name>
         <load_address>0x134</load_address>
         <run_address>0x134</run_address>
         <size>0x2a35</size>
         <alignment>0x1</alignment>
         <input_file_ref idref="fl-2"/>
      </object_component>
      <object_component id="oc-19">
         <name>.debug_info</name>
         <load_address>0x2b69</load_address>
         <run_address>0x2b69</run_address>
         <size>0x80</size>
         <alignment>0x1</alignment>
         <input_file_ref idref="fl-3"/>
      </object_component>
      <object_component id="oc-81">
         <name>.debug_info</name>
         <load_address>0x2be9</load_address>
         <run_address>0x2be9</run_address>
         <size>0x391d</size>
         <alignment>0x1</alignment>
         <input_file_ref idref="fl-4"/>
      </object_component>
      <object_component id="oc-db">
         <name>.debug_info</name>
         <load_address>0x6506</load_address>
         <run_address>0x6506</run_address>
         <size>0x75</size>
         <alignment>0x1</alignment>
         <input_file_ref idref="fl-12"/>
      </object_component>
      <object_component id="oc-be">
         <name>.debug_info</name>
         <load_address>0x657b</load_address>
         <run_address>0x657b</run_address>
         <size>0xca0</size>
         <alignment>0x1</alignment>
         <input_file_ref idref="fl-13"/>
      </object_component>
      <object_component id="oc-8c">
         <name>.debug_info</name>
         <load_address>0x721b</load_address>
         <run_address>0x721b</run_address>
         <size>0x165</size>
         <alignment>0x1</alignment>
         <input_file_ref idref="fl-22"/>
      </object_component>
      <object_component id="oc-1b">
         <name>.debug_info</name>
         <load_address>0x7380</load_address>
         <run_address>0x7380</run_address>
         <size>0x423</size>
         <alignment>0x1</alignment>
         <input_file_ref idref="fl-23"/>
      </object_component>
      <object_component id="oc-62">
         <name>.debug_info</name>
         <load_address>0x77a3</load_address>
         <run_address>0x77a3</run_address>
         <size>0x46</size>
         <alignment>0x1</alignment>
         <input_file_ref idref="fl-26"/>
      </object_component>
      <object_component id="oc-e5">
         <name>.debug_info</name>
         <load_address>0x77e9</load_address>
         <run_address>0x77e9</run_address>
         <size>0x1f4b</size>
         <alignment>0x1</alignment>
         <input_file_ref idref="fl-2b"/>
      </object_component>
      <object_component id="oc-94">
         <name>.debug_info</name>
         <load_address>0x9734</load_address>
         <run_address>0x9734</run_address>
         <size>0xed</size>
         <alignment>0x1</alignment>
         <input_file_ref idref="fl-2f"/>
      </object_component>
      <object_component id="oc-f8">
         <name>.debug_info</name>
         <load_address>0x9821</load_address>
         <run_address>0x9821</run_address>
         <size>0xce</size>
         <alignment>0x1</alignment>
         <input_file_ref idref="fl-36"/>
      </object_component>
      <object_component id="oc-40">
         <name>.debug_info</name>
         <load_address>0x98ef</load_address>
         <run_address>0x98ef</run_address>
         <size>0x19e</size>
         <alignment>0x1</alignment>
         <input_file_ref idref="fl-be"/>
      </object_component>
      <object_component id="oc-5b">
         <name>.debug_info</name>
         <load_address>0x9a8d</load_address>
         <run_address>0x9a8d</run_address>
         <size>0x1ba</size>
         <alignment>0x1</alignment>
         <input_file_ref idref="fl-bf"/>
      </object_component>
      <object_component id="oc-fe">
         <name>.debug_info</name>
         <load_address>0x9c47</load_address>
         <run_address>0x9c47</run_address>
         <size>0x1c1</size>
         <alignment>0x1</alignment>
         <input_file_ref idref="fl-c0"/>
      </object_component>
      <object_component id="oc-123">
         <name>.debug_info</name>
         <load_address>0x9e08</load_address>
         <run_address>0x9e08</run_address>
         <size>0x85</size>
         <alignment>0x1</alignment>
         <input_file_ref idref="fl-c5"/>
      </object_component>
      <object_component id="oc-74">
         <name>.debug_info</name>
         <load_address>0x9e8d</load_address>
         <run_address>0x9e8d</run_address>
         <size>0x2fa</size>
         <alignment>0x1</alignment>
         <input_file_ref idref="fl-c7"/>
      </object_component>
      <object_component id="oc-b1">
         <name>.debug_info</name>
         <load_address>0xa187</load_address>
         <run_address>0xa187</run_address>
         <size>0x244</size>
         <alignment>0x1</alignment>
         <input_file_ref idref="fl-c8"/>
      </object_component>
      <object_component id="oc-1d1">
         <name>.debug_info</name>
         <load_address>0xa3cb</load_address>
         <run_address>0xa3cb</run_address>
         <size>0xa0</size>
         <alignment>0x0</alignment>
      </object_component>
      <object_component id="oc-92">
         <name>.debug_str</name>
         <load_address>0x0</load_address>
         <run_address>0x0</run_address>
         <size>0x130</size>
         <alignment>0x1</alignment>
         <input_file_ref idref="fl-1"/>
      </object_component>
      <object_component id="oc-b9">
         <name>.debug_str</name>
         <load_address>0x130</load_address>
         <run_address>0x130</run_address>
         <size>0x1cc8</size>
         <alignment>0x1</alignment>
         <input_file_ref idref="fl-2"/>
      </object_component>
      <object_component id="oc-35">
         <name>.debug_str</name>
         <load_address>0x1df8</load_address>
         <run_address>0x1df8</run_address>
         <size>0x157</size>
         <alignment>0x1</alignment>
         <input_file_ref idref="fl-3"/>
      </object_component>
      <object_component id="oc-c2">
         <name>.debug_str</name>
         <load_address>0x1f4f</load_address>
         <run_address>0x1f4f</run_address>
         <size>0x5a2</size>
         <alignment>0x1</alignment>
         <input_file_ref idref="fl-4"/>
      </object_component>
      <object_component id="oc-f2">
         <name>.debug_str</name>
         <load_address>0x24f1</load_address>
         <run_address>0x24f1</run_address>
         <size>0x176</size>
         <alignment>0x1</alignment>
         <input_file_ref idref="fl-12"/>
      </object_component>
      <object_component id="oc-df">
         <name>.debug_str</name>
         <load_address>0x2667</load_address>
         <run_address>0x2667</run_address>
         <size>0x8b7</size>
         <alignment>0x1</alignment>
         <input_file_ref idref="fl-13"/>
      </object_component>
      <object_component id="oc-ca">
         <name>.debug_str</name>
         <load_address>0x2f1e</load_address>
         <run_address>0x2f1e</run_address>
         <size>0x164</size>
         <alignment>0x1</alignment>
         <input_file_ref idref="fl-22"/>
      </object_component>
      <object_component id="oc-37">
         <name>.debug_str</name>
         <load_address>0x3082</load_address>
         <run_address>0x3082</run_address>
         <size>0x225</size>
         <alignment>0x1</alignment>
         <input_file_ref idref="fl-23"/>
      </object_component>
      <object_component id="oc-7a">
         <name>.debug_str</name>
         <load_address>0x32a7</load_address>
         <run_address>0x32a7</run_address>
         <size>0xf5</size>
         <alignment>0x1</alignment>
         <input_file_ref idref="fl-26"/>
      </object_component>
      <object_component id="oc-100">
         <name>.debug_str</name>
         <load_address>0x339c</load_address>
         <run_address>0x339c</run_address>
         <size>0x901</size>
         <alignment>0x1</alignment>
         <input_file_ref idref="fl-2b"/>
      </object_component>
      <object_component id="oc-cc">
         <name>.debug_str</name>
         <load_address>0x3c9d</load_address>
         <run_address>0x3c9d</run_address>
         <size>0x13f</size>
         <alignment>0x1</alignment>
         <input_file_ref idref="fl-2f"/>
      </object_component>
      <object_component id="oc-120">
         <name>.debug_str</name>
         <load_address>0x3ddc</load_address>
         <run_address>0x3ddc</run_address>
         <size>0x127</size>
         <alignment>0x1</alignment>
         <input_file_ref idref="fl-36"/>
      </object_component>
      <object_component id="oc-16d">
         <name>.debug_str</name>
         <load_address>0x3f03</load_address>
         <run_address>0x3f03</run_address>
         <size>0x198</size>
         <alignment>0x1</alignment>
         <input_file_ref idref="fl-c5"/>
      </object_component>
      <object_component id="oc-66">
         <name>.debug_frame</name>
         <load_address>0x0</load_address>
         <run_address>0x0</run_address>
         <size>0x24</size>
         <alignment>0x4</alignment>
         <input_file_ref idref="fl-1"/>
      </object_component>
      <object_component id="oc-7e">
         <name>.debug_frame</name>
         <load_address>0x24</load_address>
         <run_address>0x24</run_address>
         <size>0x78</size>
         <alignment>0x4</alignment>
         <input_file_ref idref="fl-2"/>
      </object_component>
      <object_component id="oc-32">
         <name>.debug_frame</name>
         <load_address>0x9c</load_address>
         <run_address>0x9c</run_address>
         <size>0x30</size>
         <alignment>0x4</alignment>
         <input_file_ref idref="fl-3"/>
      </object_component>
      <object_component id="oc-82">
         <name>.debug_frame</name>
         <load_address>0xcc</load_address>
         <run_address>0xcc</run_address>
         <size>0x188</size>
         <alignment>0x4</alignment>
         <input_file_ref idref="fl-4"/>
      </object_component>
      <object_component id="oc-d9">
         <name>.debug_frame</name>
         <load_address>0x254</load_address>
         <run_address>0x254</run_address>
         <size>0x20</size>
         <alignment>0x4</alignment>
         <input_file_ref idref="fl-12"/>
      </object_component>
      <object_component id="oc-bf">
         <name>.debug_frame</name>
         <load_address>0x274</load_address>
         <run_address>0x274</run_address>
         <size>0x12c</size>
         <alignment>0x4</alignment>
         <input_file_ref idref="fl-13"/>
      </object_component>
      <object_component id="oc-8d">
         <name>.debug_frame</name>
         <load_address>0x3a0</load_address>
         <run_address>0x3a0</run_address>
         <size>0x58</size>
         <alignment>0x4</alignment>
         <input_file_ref idref="fl-22"/>
      </object_component>
      <object_component id="oc-4e">
         <name>.debug_frame</name>
         <load_address>0x3f8</load_address>
         <run_address>0x3f8</run_address>
         <size>0x90</size>
         <alignment>0x4</alignment>
         <input_file_ref idref="fl-23"/>
      </object_component>
      <object_component id="oc-60">
         <name>.debug_frame</name>
         <load_address>0x488</load_address>
         <run_address>0x488</run_address>
         <size>0x20</size>
         <alignment>0x4</alignment>
         <input_file_ref idref="fl-26"/>
      </object_component>
      <object_component id="oc-e1">
         <name>.debug_frame</name>
         <load_address>0x4a8</load_address>
         <run_address>0x4a8</run_address>
         <size>0x480</size>
         <alignment>0x4</alignment>
         <input_file_ref idref="fl-2b"/>
      </object_component>
      <object_component id="oc-96">
         <name>.debug_frame</name>
         <load_address>0x928</load_address>
         <run_address>0x928</run_address>
         <size>0x30</size>
         <alignment>0x4</alignment>
         <input_file_ref idref="fl-2f"/>
      </object_component>
      <object_component id="oc-f9">
         <name>.debug_frame</name>
         <load_address>0x958</load_address>
         <run_address>0x958</run_address>
         <size>0x2c</size>
         <alignment>0x4</alignment>
         <input_file_ref idref="fl-36"/>
      </object_component>
      <object_component id="oc-124">
         <name>.debug_frame</name>
         <load_address>0x984</load_address>
         <run_address>0x984</run_address>
         <size>0x30</size>
         <alignment>0x4</alignment>
         <input_file_ref idref="fl-c5"/>
      </object_component>
      <object_component id="oc-65">
         <name>.debug_line</name>
         <load_address>0x0</load_address>
         <run_address>0x0</run_address>
         <size>0x10e</size>
         <alignment>0x1</alignment>
         <input_file_ref idref="fl-1"/>
      </object_component>
      <object_component id="oc-7f">
         <name>.debug_line</name>
         <load_address>0x10e</load_address>
         <run_address>0x10e</run_address>
         <size>0x438</size>
         <alignment>0x1</alignment>
         <input_file_ref idref="fl-2"/>
      </object_component>
      <object_component id="oc-30">
         <name>.debug_line</name>
         <load_address>0x546</load_address>
         <run_address>0x546</run_address>
         <size>0xba</size>
         <alignment>0x1</alignment>
         <input_file_ref idref="fl-3"/>
      </object_component>
      <object_component id="oc-85">
         <name>.debug_line</name>
         <load_address>0x600</load_address>
         <run_address>0x600</run_address>
         <size>0x328d</size>
         <alignment>0x1</alignment>
         <input_file_ref idref="fl-4"/>
      </object_component>
      <object_component id="oc-da">
         <name>.debug_line</name>
         <load_address>0x388d</load_address>
         <run_address>0x388d</run_address>
         <size>0xe4</size>
         <alignment>0x1</alignment>
         <input_file_ref idref="fl-12"/>
      </object_component>
      <object_component id="oc-bb">
         <name>.debug_line</name>
         <load_address>0x3971</load_address>
         <run_address>0x3971</run_address>
         <size>0x617</size>
         <alignment>0x1</alignment>
         <input_file_ref idref="fl-13"/>
      </object_component>
      <object_component id="oc-8b">
         <name>.debug_line</name>
         <load_address>0x3f88</load_address>
         <run_address>0x3f88</run_address>
         <size>0x108</size>
         <alignment>0x1</alignment>
         <input_file_ref idref="fl-22"/>
      </object_component>
      <object_component id="oc-38">
         <name>.debug_line</name>
         <load_address>0x4090</load_address>
         <run_address>0x4090</run_address>
         <size>0x1fe</size>
         <alignment>0x1</alignment>
         <input_file_ref idref="fl-23"/>
      </object_component>
      <object_component id="oc-61">
         <name>.debug_line</name>
         <load_address>0x428e</load_address>
         <run_address>0x428e</run_address>
         <size>0x3e</size>
         <alignment>0x1</alignment>
         <input_file_ref idref="fl-26"/>
      </object_component>
      <object_component id="oc-e2">
         <name>.debug_line</name>
         <load_address>0x42cc</load_address>
         <run_address>0x42cc</run_address>
         <size>0x1c54</size>
         <alignment>0x1</alignment>
         <input_file_ref idref="fl-2b"/>
      </object_component>
      <object_component id="oc-97">
         <name>.debug_line</name>
         <load_address>0x5f20</load_address>
         <run_address>0x5f20</run_address>
         <size>0x6b</size>
         <alignment>0x1</alignment>
         <input_file_ref idref="fl-2f"/>
      </object_component>
      <object_component id="oc-f7">
         <name>.debug_line</name>
         <load_address>0x5f8b</load_address>
         <run_address>0x5f8b</run_address>
         <size>0xd1</size>
         <alignment>0x1</alignment>
         <input_file_ref idref="fl-36"/>
      </object_component>
      <object_component id="oc-42">
         <name>.debug_line</name>
         <load_address>0x605c</load_address>
         <run_address>0x605c</run_address>
         <size>0xa4</size>
         <alignment>0x1</alignment>
         <input_file_ref idref="fl-be"/>
      </object_component>
      <object_component id="oc-5e">
         <name>.debug_line</name>
         <load_address>0x6100</load_address>
         <run_address>0x6100</run_address>
         <size>0xba</size>
         <alignment>0x1</alignment>
         <input_file_ref idref="fl-bf"/>
      </object_component>
      <object_component id="oc-fc">
         <name>.debug_line</name>
         <load_address>0x61ba</load_address>
         <run_address>0x61ba</run_address>
         <size>0xc2</size>
         <alignment>0x1</alignment>
         <input_file_ref idref="fl-c0"/>
      </object_component>
      <object_component id="oc-125">
         <name>.debug_line</name>
         <load_address>0x627c</load_address>
         <run_address>0x627c</run_address>
         <size>0xb7</size>
         <alignment>0x1</alignment>
         <input_file_ref idref="fl-c5"/>
      </object_component>
      <object_component id="oc-75">
         <name>.debug_line</name>
         <load_address>0x6333</load_address>
         <run_address>0x6333</run_address>
         <size>0xa0</size>
         <alignment>0x1</alignment>
         <input_file_ref idref="fl-c7"/>
      </object_component>
      <object_component id="oc-ae">
         <name>.debug_line</name>
         <load_address>0x63d3</load_address>
         <run_address>0x63d3</run_address>
         <size>0x80</size>
         <alignment>0x1</alignment>
         <input_file_ref idref="fl-c8"/>
      </object_component>
      <object_component id="oc-b6">
         <name>.debug_loc</name>
         <load_address>0x0</load_address>
         <run_address>0x0</run_address>
         <size>0x92</size>
         <alignment>0x1</alignment>
         <input_file_ref idref="fl-2"/>
      </object_component>
      <object_component id="oc-83">
         <name>.debug_loc</name>
         <load_address>0x92</load_address>
         <run_address>0x92</run_address>
         <size>0x2ead</size>
         <alignment>0x1</alignment>
         <input_file_ref idref="fl-4"/>
      </object_component>
      <object_component id="oc-f3">
         <name>.debug_loc</name>
         <load_address>0x2f3f</load_address>
         <run_address>0x2f3f</run_address>
         <size>0x13</size>
         <alignment>0x1</alignment>
         <input_file_ref idref="fl-12"/>
      </object_component>
      <object_component id="oc-bd">
         <name>.debug_loc</name>
         <load_address>0x2f52</load_address>
         <run_address>0x2f52</run_address>
         <size>0x31c</size>
         <alignment>0x1</alignment>
         <input_file_ref idref="fl-13"/>
      </object_component>
      <object_component id="oc-89">
         <name>.debug_loc</name>
         <load_address>0x326e</load_address>
         <run_address>0x326e</run_address>
         <size>0x136</size>
         <alignment>0x1</alignment>
         <input_file_ref idref="fl-22"/>
      </object_component>
      <object_component id="oc-3a">
         <name>.debug_loc</name>
         <load_address>0x33a4</load_address>
         <run_address>0x33a4</run_address>
         <size>0xd8</size>
         <alignment>0x1</alignment>
         <input_file_ref idref="fl-23"/>
      </object_component>
      <object_component id="oc-e4">
         <name>.debug_loc</name>
         <load_address>0x347c</load_address>
         <run_address>0x347c</run_address>
         <size>0x33d1</size>
         <alignment>0x1</alignment>
         <input_file_ref idref="fl-2b"/>
      </object_component>
      <object_component id="oc-99">
         <name>.debug_loc</name>
         <load_address>0x684d</load_address>
         <run_address>0x684d</run_address>
         <size>0x26</size>
         <alignment>0x1</alignment>
         <input_file_ref idref="fl-2f"/>
      </object_component>
      <object_component id="oc-121">
         <name>.debug_loc</name>
         <load_address>0x6873</load_address>
         <run_address>0x6873</run_address>
         <size>0xbf</size>
         <alignment>0x1</alignment>
         <input_file_ref idref="fl-36"/>
      </object_component>
      <object_component id="oc-16e">
         <name>.debug_loc</name>
         <load_address>0x6932</load_address>
         <run_address>0x6932</run_address>
         <size>0x20</size>
         <alignment>0x1</alignment>
         <input_file_ref idref="fl-c5"/>
      </object_component>
      <object_component id="oc-7d">
         <name>.debug_ranges</name>
         <load_address>0x0</load_address>
         <run_address>0x0</run_address>
         <size>0x30</size>
         <alignment>0x1</alignment>
         <input_file_ref idref="fl-2"/>
      </object_component>
      <object_component id="oc-31">
         <name>.debug_ranges</name>
         <load_address>0x30</load_address>
         <run_address>0x30</run_address>
         <size>0x18</size>
         <alignment>0x1</alignment>
         <input_file_ref idref="fl-3"/>
      </object_component>
      <object_component id="oc-84">
         <name>.debug_ranges</name>
         <load_address>0x48</load_address>
         <run_address>0x48</run_address>
         <size>0x18b8</size>
         <alignment>0x1</alignment>
         <input_file_ref idref="fl-4"/>
      </object_component>
      <object_component id="oc-bc">
         <name>.debug_ranges</name>
         <load_address>0x1900</load_address>
         <run_address>0x1900</run_address>
         <size>0x1d8</size>
         <alignment>0x1</alignment>
         <input_file_ref idref="fl-13"/>
      </object_component>
      <object_component id="oc-8a">
         <name>.debug_ranges</name>
         <load_address>0x1ad8</load_address>
         <run_address>0x1ad8</run_address>
         <size>0x20</size>
         <alignment>0x1</alignment>
         <input_file_ref idref="fl-22"/>
      </object_component>
      <object_component id="oc-39">
         <name>.debug_ranges</name>
         <load_address>0x1af8</load_address>
         <run_address>0x1af8</run_address>
         <size>0x48</size>
         <alignment>0x1</alignment>
         <input_file_ref idref="fl-23"/>
      </object_component>
      <object_component id="oc-e3">
         <name>.debug_ranges</name>
         <load_address>0x1b40</load_address>
         <run_address>0x1b40</run_address>
         <size>0x1a0</size>
         <alignment>0x1</alignment>
         <input_file_ref idref="fl-2b"/>
      </object_component>
      <object_component id="oc-95">
         <name>.debug_ranges</name>
         <load_address>0x1ce0</load_address>
         <run_address>0x1ce0</run_address>
         <size>0x18</size>
         <alignment>0x1</alignment>
         <input_file_ref idref="fl-2f"/>
      </object_component>
      <object_component id="oc-5d">
         <name>.debug_ranges</name>
         <load_address>0x1cf8</load_address>
         <run_address>0x1cf8</run_address>
         <size>0x28</size>
         <alignment>0x1</alignment>
         <input_file_ref idref="fl-bf"/>
      </object_component>
      <object_component id="oc-126">
         <name>.debug_ranges</name>
         <load_address>0x1d20</load_address>
         <run_address>0x1d20</run_address>
         <size>0x18</size>
         <alignment>0x1</alignment>
         <input_file_ref idref="fl-c5"/>
      </object_component>
      <object_component id="oc-72">
         <name>.debug_ranges</name>
         <load_address>0x1d38</load_address>
         <run_address>0x1d38</run_address>
         <size>0x28</size>
         <alignment>0x1</alignment>
         <input_file_ref idref="fl-c7"/>
      </object_component>
      <object_component id="oc-b0">
         <name>.debug_ranges</name>
         <load_address>0x1d60</load_address>
         <run_address>0x1d60</run_address>
         <size>0x28</size>
         <alignment>0x1</alignment>
         <input_file_ref idref="fl-c8"/>
      </object_component>
      <object_component id="oc-41">
         <name>.debug_aranges</name>
         <load_address>0x0</load_address>
         <run_address>0x0</run_address>
         <size>0x20</size>
         <alignment>0x1</alignment>
         <input_file_ref idref="fl-be"/>
      </object_component>
      <object_component id="oc-5c">
         <name>.debug_aranges</name>
         <load_address>0x20</load_address>
         <run_address>0x20</run_address>
         <size>0x28</size>
         <alignment>0x1</alignment>
         <input_file_ref idref="fl-bf"/>
      </object_component>
      <object_component id="oc-fd">
         <name>.debug_aranges</name>
         <load_address>0x48</load_address>
         <run_address>0x48</run_address>
         <size>0x20</size>
         <alignment>0x1</alignment>
         <input_file_ref idref="fl-c0"/>
      </object_component>
      <object_component id="oc-73">
         <name>.debug_aranges</name>
         <load_address>0x68</load_address>
         <run_address>0x68</run_address>
         <size>0x28</size>
         <alignment>0x1</alignment>
         <input_file_ref idref="fl-c7"/>
      </object_component>
      <object_component id="oc-af">
         <name>.debug_aranges</name>
         <load_address>0x90</load_address>
         <run_address>0x90</run_address>
         <size>0x28</size>
         <alignment>0x1</alignment>
         <input_file_ref idref="fl-c8"/>
      </object_component>
   </object_component_list>
   <logical_group_list>
      <logical_group id="lg-2" display="no" color="cyan">
         <name>.intvecs</name>
         <load_address>0x0</load_address>
         <run_address>0x0</run_address>
         <size>0xc0</size>
         <contents>
            <object_component_ref idref="oc-18"/>
         </contents>
      </logical_group>
      <logical_group id="lg-3" display="no" color="cyan">
         <name>.text</name>
         <load_address>0xc0</load_address>
         <run_address>0xc0</run_address>
         <size>0x1ba0</size>
         <contents>
            <object_component_ref idref="oc-80"/>
            <object_component_ref idref="oc-87"/>
            <object_component_ref idref="oc-e0"/>
            <object_component_ref idref="oc-86"/>
            <object_component_ref idref="oc-c3"/>
            <object_component_ref idref="oc-76"/>
            <object_component_ref idref="oc-b2"/>
            <object_component_ref idref="oc-ba"/>
            <object_component_ref idref="oc-33"/>
            <object_component_ref idref="oc-b7"/>
            <object_component_ref idref="oc-63"/>
            <object_component_ref idref="oc-b5"/>
            <object_component_ref idref="oc-fb"/>
            <object_component_ref idref="oc-c0"/>
            <object_component_ref idref="oc-88"/>
            <object_component_ref idref="oc-b3"/>
            <object_component_ref idref="oc-dc"/>
            <object_component_ref idref="oc-122"/>
            <object_component_ref idref="oc-b4"/>
            <object_component_ref idref="oc-f6"/>
            <object_component_ref idref="oc-4d"/>
            <object_component_ref idref="oc-c7"/>
            <object_component_ref idref="oc-7b"/>
            <object_component_ref idref="oc-f5"/>
            <object_component_ref idref="oc-f4"/>
            <object_component_ref idref="oc-d8"/>
            <object_component_ref idref="oc-c8"/>
            <object_component_ref idref="oc-3f"/>
            <object_component_ref idref="oc-2f"/>
            <object_component_ref idref="oc-5f"/>
            <object_component_ref idref="oc-93"/>
         </contents>
      </logical_group>
      <logical_group id="lg-4" display="no" color="cyan">
         <name>.const</name>
         <run_address>0x0</run_address>
         <size>0x0</size>
         <contents>
         </contents>
      </logical_group>
      <logical_group id="lg-5" display="no" color="cyan">
         <name>.cinit</name>
         <load_address>0x0</load_address>
         <run_address>0x0</run_address>
         <size>0x0</size>
         <contents>
            <object_component_ref idref="oc-1ce"/>
         </contents>
      </logical_group>
      <logical_group id="lg-6" display="no" color="cyan">
         <name>.pinit</name>
         <run_address>0x0</run_address>
         <size>0x0</size>
         <contents>
         </contents>
      </logical_group>
      <logical_group id="lg-7" display="no" color="cyan">
         <name>.rodata</name>
         <load_address>0x1c60</load_address>
         <run_address>0x1c60</run_address>
         <size>0x848</size>
         <contents>
            <object_component_ref idref="oc-c4"/>
            <object_component_ref idref="oc-c5"/>
            <object_component_ref idref="oc-fa"/>
            <object_component_ref idref="oc-8e"/>
            <object_component_ref idref="oc-8f"/>
            <object_component_ref idref="oc-90"/>
            <object_component_ref idref="oc-dd"/>
         </contents>
      </logical_group>
      <logical_group id="lg-8" display="no" color="cyan">
         <name>.ARM.exidx</name>
         <run_address>0x0</run_address>
         <size>0x0</size>
         <contents>
         </contents>
      </logical_group>
      <logical_group id="lg-9" display="no" color="cyan">
         <name>.init_array</name>
         <run_address>0x0</run_address>
         <size>0x0</size>
         <contents>
         </contents>
      </logical_group>
      <logical_group id="lg-a" display="no" color="cyan">
         <name>.binit</name>
         <load_address>0x0</load_address>
         <run_address>0x0</run_address>
         <size>0x0</size>
         <contents>
            <object_component_ref idref="oc-195"/>
         </contents>
      </logical_group>
      <logical_group id="lg-b" display="no" color="cyan">
         <name>.TI.ramfunc</name>
         <run_address>0x0</run_address>
         <size>0x0</size>
         <contents>
         </contents>
      </logical_group>
      <logical_group id="lg-c" display="no" color="cyan">
         <name>.vtable</name>
         <run_address>0x0</run_address>
         <size>0x0</size>
         <contents>
         </contents>
      </logical_group>
      <logical_group id="lg-d" display="no" color="cyan">
         <name>.args</name>
         <run_address>0x0</run_address>
         <size>0x0</size>
         <contents>
         </contents>
      </logical_group>
      <logical_group id="lg-e" display="no" color="cyan">
         <name>.data</name>
         <run_address>0x0</run_address>
         <size>0x0</size>
         <contents>
         </contents>
      </logical_group>
      <logical_group id="lg-f" display="no" color="cyan">
         <name>.bss</name>
         <run_address>0x0</run_address>
         <size>0x0</size>
         <contents>
         </contents>
      </logical_group>
      <logical_group id="lg-10" display="no" color="cyan">
         <name>.sysmem</name>
         <run_address>0x0</run_address>
         <size>0x0</size>
         <contents>
         </contents>
      </logical_group>
      <logical_group id="lg-11" display="no" color="cyan">
         <name>.stack</name>
         <run_address>0x20207e00</run_address>
         <size>0x200</size>
         <contents>
            <object_component_ref idref="oc-1a"/>
            <object_component_ref idref="oc-1d0"/>
         </contents>
      </logical_group>
      <logical_group id="lg-12" display="no" color="cyan">
         <name>.BCRConfig</name>
         <run_address>0x0</run_address>
         <size>0x0</size>
         <contents>
         </contents>
      </logical_group>
      <logical_group id="lg-13" display="no" color="cyan">
         <name>.BSLConfig</name>
         <run_address>0x0</run_address>
         <size>0x0</size>
         <contents>
         </contents>
      </logical_group>
      <logical_group id="lg-18c" display="no" color="cyan">
         <name>.TI.noinit</name>
         <run_address>0x0</run_address>
         <size>0x0</size>
         <contents>
         </contents>
      </logical_group>
      <logical_group id="lg-18d" display="no" color="cyan">
         <name>.TI.persistent</name>
         <run_address>0x0</run_address>
         <size>0x0</size>
         <contents>
         </contents>
      </logical_group>
      <logical_group id="lg-18e" display="no" color="cyan">
         <name>.TI.local</name>
         <run_address>0x0</run_address>
         <size>0x0</size>
         <contents>
         </contents>
      </logical_group>
      <logical_group id="lg-18f" display="no" color="cyan">
         <name>.TI.onchip</name>
         <run_address>0x0</run_address>
         <size>0x0</size>
         <contents>
         </contents>
      </logical_group>
      <logical_group id="lg-190" display="no" color="cyan">
         <name>.TI.offchip</name>
         <run_address>0x0</run_address>
         <size>0x0</size>
         <contents>
         </contents>
      </logical_group>
      <logical_group id="lg-191" display="no" color="cyan">
         <name>__llvm_prf_cnts</name>
         <run_address>0x20200000</run_address>
         <size>0x0</size>
         <contents>
         </contents>
      </logical_group>
      <logical_group id="lg-193" display="no" color="cyan">
         <name>__llvm_prf_bits</name>
         <run_address>0x20200000</run_address>
         <size>0x0</size>
         <contents>
         </contents>
      </logical_group>
      <logical_group id="lg-1af" display="never" color="cyan">
         <name>.debug_abbrev</name>
         <load_address>0x0</load_address>
         <run_address>0x0</run_address>
         <size>0xe7d</size>
         <contents>
            <object_component_ref idref="oc-91"/>
            <object_component_ref idref="oc-b8"/>
            <object_component_ref idref="oc-34"/>
            <object_component_ref idref="oc-c1"/>
            <object_component_ref idref="oc-f1"/>
            <object_component_ref idref="oc-de"/>
            <object_component_ref idref="oc-c9"/>
            <object_component_ref idref="oc-36"/>
            <object_component_ref idref="oc-79"/>
            <object_component_ref idref="oc-ff"/>
            <object_component_ref idref="oc-cb"/>
            <object_component_ref idref="oc-11f"/>
            <object_component_ref idref="oc-57"/>
            <object_component_ref idref="oc-78"/>
            <object_component_ref idref="oc-127"/>
            <object_component_ref idref="oc-16c"/>
            <object_component_ref idref="oc-ac"/>
            <object_component_ref idref="oc-d7"/>
            <object_component_ref idref="oc-1d2"/>
         </contents>
      </logical_group>
      <logical_group id="lg-1b1" display="never" color="cyan">
         <name>.debug_info</name>
         <load_address>0x0</load_address>
         <run_address>0x0</run_address>
         <size>0xa46b</size>
         <contents>
            <object_component_ref idref="oc-64"/>
            <object_component_ref idref="oc-7c"/>
            <object_component_ref idref="oc-19"/>
            <object_component_ref idref="oc-81"/>
            <object_component_ref idref="oc-db"/>
            <object_component_ref idref="oc-be"/>
            <object_component_ref idref="oc-8c"/>
            <object_component_ref idref="oc-1b"/>
            <object_component_ref idref="oc-62"/>
            <object_component_ref idref="oc-e5"/>
            <object_component_ref idref="oc-94"/>
            <object_component_ref idref="oc-f8"/>
            <object_component_ref idref="oc-40"/>
            <object_component_ref idref="oc-5b"/>
            <object_component_ref idref="oc-fe"/>
            <object_component_ref idref="oc-123"/>
            <object_component_ref idref="oc-74"/>
            <object_component_ref idref="oc-b1"/>
            <object_component_ref idref="oc-1d1"/>
         </contents>
      </logical_group>
      <logical_group id="lg-1b3" display="never" color="cyan">
         <name>.debug_str</name>
         <load_address>0x0</load_address>
         <run_address>0x0</run_address>
         <size>0x409b</size>
         <contents>
            <object_component_ref idref="oc-92"/>
            <object_component_ref idref="oc-b9"/>
            <object_component_ref idref="oc-35"/>
            <object_component_ref idref="oc-c2"/>
            <object_component_ref idref="oc-f2"/>
            <object_component_ref idref="oc-df"/>
            <object_component_ref idref="oc-ca"/>
            <object_component_ref idref="oc-37"/>
            <object_component_ref idref="oc-7a"/>
            <object_component_ref idref="oc-100"/>
            <object_component_ref idref="oc-cc"/>
            <object_component_ref idref="oc-120"/>
            <object_component_ref idref="oc-16d"/>
         </contents>
      </logical_group>
      <logical_group id="lg-1b5" display="never" color="cyan">
         <name>.debug_frame</name>
         <load_address>0x0</load_address>
         <run_address>0x0</run_address>
         <size>0x9b4</size>
         <contents>
            <object_component_ref idref="oc-66"/>
            <object_component_ref idref="oc-7e"/>
            <object_component_ref idref="oc-32"/>
            <object_component_ref idref="oc-82"/>
            <object_component_ref idref="oc-d9"/>
            <object_component_ref idref="oc-bf"/>
            <object_component_ref idref="oc-8d"/>
            <object_component_ref idref="oc-4e"/>
            <object_component_ref idref="oc-60"/>
            <object_component_ref idref="oc-e1"/>
            <object_component_ref idref="oc-96"/>
            <object_component_ref idref="oc-f9"/>
            <object_component_ref idref="oc-124"/>
         </contents>
      </logical_group>
      <logical_group id="lg-1b7" display="never" color="cyan">
         <name>.debug_line</name>
         <load_address>0x0</load_address>
         <run_address>0x0</run_address>
         <size>0x6453</size>
         <contents>
            <object_component_ref idref="oc-65"/>
            <object_component_ref idref="oc-7f"/>
            <object_component_ref idref="oc-30"/>
            <object_component_ref idref="oc-85"/>
            <object_component_ref idref="oc-da"/>
            <object_component_ref idref="oc-bb"/>
            <object_component_ref idref="oc-8b"/>
            <object_component_ref idref="oc-38"/>
            <object_component_ref idref="oc-61"/>
            <object_component_ref idref="oc-e2"/>
            <object_component_ref idref="oc-97"/>
            <object_component_ref idref="oc-f7"/>
            <object_component_ref idref="oc-42"/>
            <object_component_ref idref="oc-5e"/>
            <object_component_ref idref="oc-fc"/>
            <object_component_ref idref="oc-125"/>
            <object_component_ref idref="oc-75"/>
            <object_component_ref idref="oc-ae"/>
         </contents>
      </logical_group>
      <logical_group id="lg-1b9" display="never" color="cyan">
         <name>.debug_loc</name>
         <load_address>0x0</load_address>
         <run_address>0x0</run_address>
         <size>0x6952</size>
         <contents>
            <object_component_ref idref="oc-b6"/>
            <object_component_ref idref="oc-83"/>
            <object_component_ref idref="oc-f3"/>
            <object_component_ref idref="oc-bd"/>
            <object_component_ref idref="oc-89"/>
            <object_component_ref idref="oc-3a"/>
            <object_component_ref idref="oc-e4"/>
            <object_component_ref idref="oc-99"/>
            <object_component_ref idref="oc-121"/>
            <object_component_ref idref="oc-16e"/>
         </contents>
      </logical_group>
      <logical_group id="lg-1bb" display="never" color="cyan">
         <name>.debug_ranges</name>
         <load_address>0x0</load_address>
         <run_address>0x0</run_address>
         <size>0x1d88</size>
         <contents>
            <object_component_ref idref="oc-7d"/>
            <object_component_ref idref="oc-31"/>
            <object_component_ref idref="oc-84"/>
            <object_component_ref idref="oc-bc"/>
            <object_component_ref idref="oc-8a"/>
            <object_component_ref idref="oc-39"/>
            <object_component_ref idref="oc-e3"/>
            <object_component_ref idref="oc-95"/>
            <object_component_ref idref="oc-5d"/>
            <object_component_ref idref="oc-126"/>
            <object_component_ref idref="oc-72"/>
            <object_component_ref idref="oc-b0"/>
         </contents>
      </logical_group>
      <logical_group id="lg-1c7" display="never" color="cyan">
         <name>.debug_aranges</name>
         <load_address>0x0</load_address>
         <run_address>0x0</run_address>
         <size>0xb8</size>
         <contents>
            <object_component_ref idref="oc-41"/>
            <object_component_ref idref="oc-5c"/>
            <object_component_ref idref="oc-fd"/>
            <object_component_ref idref="oc-73"/>
            <object_component_ref idref="oc-af"/>
         </contents>
      </logical_group>
      <logical_group id="lg-1cf" display="no" color="cyan">
         <name>Veneer$$CMSE</name>
         <run_address>0x0</run_address>
         <size>0x0</size>
         <contents>
         </contents>
      </logical_group>
      <load_segment id="lg-1d6" display="no" color="cyan">
         <name>SEGMENT_0</name>
         <load_address>0x0</load_address>
         <run_address>0x0</run_address>
         <size>0x24a8</size>
         <flags>0x5</flags>
         <contents>
            <logical_group_ref idref="lg-2"/>
            <logical_group_ref idref="lg-3"/>
            <logical_group_ref idref="lg-7"/>
         </contents>
      </load_segment>
      <load_segment id="lg-1d7" display="no" color="cyan">
         <name>SEGMENT_1</name>
         <run_address>0x20207e00</run_address>
         <size>0x200</size>
         <flags>0x6</flags>
         <contents>
            <logical_group_ref idref="lg-11"/>
         </contents>
      </load_segment>
   </logical_group_list>
   <placement_map>
      <memory_area display="yes" color="green">
         <name>FLASH</name>
         <page_id>0x0</page_id>
         <origin>0x0</origin>
         <length>0x20000</length>
         <used_space>0x24a8</used_space>
         <unused_space>0x1db58</unused_space>
         <attributes>RX</attributes>
         <usage_details>
            <allocated_space>
               <start_address>0x0</start_address>
               <size>0x0</size>
               <logical_group_ref idref="lg-5"/>
            </allocated_space>
            <allocated_space>
               <start_address>0x0</start_address>
               <size>0x0</size>
               <logical_group_ref idref="lg-a"/>
            </allocated_space>
            <allocated_space>
               <start_address>0x0</start_address>
               <size>0xc0</size>
               <logical_group_ref idref="lg-2"/>
            </allocated_space>
            <allocated_space>
               <start_address>0xc0</start_address>
               <size>0x1ba0</size>
               <logical_group_ref idref="lg-3"/>
            </allocated_space>
            <allocated_space>
               <start_address>0x1c60</start_address>
               <size>0x848</size>
               <logical_group_ref idref="lg-7"/>
            </allocated_space>
            <available_space>
               <start_address>0x24a8</start_address>
               <size>0x1db58</size>
            </available_space>
         </usage_details>
      </memory_area>
      <memory_area display="yes" color="green">
         <name>SRAM</name>
         <page_id>0x0</page_id>
         <origin>0x20200000</origin>
         <length>0x8000</length>
         <used_space>0x200</used_space>
         <unused_space>0x7e00</unused_space>
         <attributes>RWX</attributes>
         <usage_details>
            <allocated_space>
               <start_address>0x20200000</start_address>
               <size>0x0</size>
               <logical_group_ref idref="lg-191"/>
            </allocated_space>
            <allocated_space>
               <start_address>0x20200000</start_address>
               <size>0x0</size>
               <logical_group_ref idref="lg-193"/>
            </allocated_space>
            <available_space>
               <start_address>0x20200000</start_address>
               <size>0x7e00</size>
            </available_space>
            <allocated_space>
               <start_address>0x20207e00</start_address>
               <size>0x200</size>
               <logical_group_ref idref="lg-11"/>
            </allocated_space>
         </usage_details>
      </memory_area>
      <memory_area display="yes" color="green">
         <name>BCR_CONFIG</name>
         <page_id>0x0</page_id>
         <origin>0x41c00000</origin>
         <length>0x80</length>
         <used_space>0x0</used_space>
         <unused_space>0x80</unused_space>
         <attributes>R</attributes>
         <usage_details>
         </usage_details>
      </memory_area>
      <memory_area display="yes" color="green">
         <name>BSL_CONFIG</name>
         <page_id>0x0</page_id>
         <origin>0x41c00100</origin>
         <length>0x80</length>
         <used_space>0x0</used_space>
         <unused_space>0x80</unused_space>
         <attributes>R</attributes>
         <usage_details>
         </usage_details>
      </memory_area>
   </placement_map>
   <symbol_table>
      <symbol id="sm-1">
         <name>__start___llvm_prf_cnts</name>
         <value>0x20200000</value>
      </symbol>
      <symbol id="sm-2">
         <name>__stop___llvm_prf_cnts</name>
         <value>0x20200000</value>
      </symbol>
      <symbol id="sm-3">
         <name>__start___llvm_prf_bits</name>
         <value>0x20200000</value>
      </symbol>
      <symbol id="sm-4">
         <name>__stop___llvm_prf_bits</name>
         <value>0x20200000</value>
      </symbol>
      <symbol id="sm-5">
         <name>__TI_CINIT_Base</name>
         <value>0x0</value>
      </symbol>
      <symbol id="sm-6">
         <name>__TI_CINIT_Limit</name>
         <value>0x0</value>
      </symbol>
      <symbol id="sm-7">
         <name>__TI_CINIT_Warm</name>
         <value>0x0</value>
      </symbol>
      <symbol id="sm-8">
         <name>binit</name>
         <value>0xffffffff</value>
      </symbol>
      <symbol id="sm-9">
         <name>__binit__</name>
         <value>0xffffffff</value>
      </symbol>
      <symbol id="sm-a">
         <name>__STACK_SIZE</name>
         <value>0x200</value>
      </symbol>
      <symbol id="sm-b">
         <name>__STACK_END</name>
         <value>0x20208000</value>
      </symbol>
      <symbol id="sm-c">
         <name>__TI_pprof_out_hndl</name>
         <value>0xffffffff</value>
      </symbol>
      <symbol id="sm-d">
         <name>__TI_prof_data_start</name>
         <value>0xffffffff</value>
      </symbol>
      <symbol id="sm-e">
         <name>__TI_prof_data_size</name>
         <value>0xffffffff</value>
      </symbol>
      <symbol id="sm-f">
         <name>__TI_static_base__</name>
         <value>0x0</value>
      </symbol>
      <symbol id="sm-3d">
         <name>main</name>
         <value>0x19e1</value>
         <object_component_ref idref="oc-63"/>
      </symbol>
      <symbol id="sm-55">
         <name>SYSCFG_DL_init</name>
         <value>0x1c05</value>
         <object_component_ref idref="oc-7b"/>
      </symbol>
      <symbol id="sm-56">
         <name>SYSCFG_DL_initPower</name>
         <value>0x1b29</value>
         <object_component_ref idref="oc-b3"/>
      </symbol>
      <symbol id="sm-57">
         <name>SYSCFG_DL_GPIO_init</name>
         <value>0x1b85</value>
         <object_component_ref idref="oc-b4"/>
      </symbol>
      <symbol id="sm-58">
         <name>SYSCFG_DL_SYSCTL_init</name>
         <value>0x1a35</value>
         <object_component_ref idref="oc-b5"/>
      </symbol>
      <symbol id="sm-59">
         <name>SYSCFG_DL_I2C_0_init</name>
         <value>0x198d</value>
         <object_component_ref idref="oc-b7"/>
      </symbol>
      <symbol id="sm-64">
         <name>Default_Handler</name>
         <value>0x198b</value>
         <object_component_ref idref="oc-33"/>
      </symbol>
      <symbol id="sm-65">
         <name>Reset_Handler</name>
         <value>0x1c51</value>
         <object_component_ref idref="oc-2f"/>
      </symbol>
      <symbol id="sm-66">
         <name>interruptVectors</name>
         <value>0x0</value>
         <object_component_ref idref="oc-18"/>
      </symbol>
      <symbol id="sm-67">
         <name>NMI_Handler</name>
         <value>0x198b</value>
         <object_component_ref idref="oc-33"/>
      </symbol>
      <symbol id="sm-68">
         <name>HardFault_Handler</name>
         <value>0x198b</value>
         <object_component_ref idref="oc-33"/>
      </symbol>
      <symbol id="sm-69">
         <name>SVC_Handler</name>
         <value>0x198b</value>
         <object_component_ref idref="oc-33"/>
      </symbol>
      <symbol id="sm-6a">
         <name>PendSV_Handler</name>
         <value>0x198b</value>
         <object_component_ref idref="oc-33"/>
      </symbol>
      <symbol id="sm-6b">
         <name>SysTick_Handler</name>
         <value>0x198b</value>
         <object_component_ref idref="oc-33"/>
      </symbol>
      <symbol id="sm-6c">
         <name>GROUP0_IRQHandler</name>
         <value>0x198b</value>
         <object_component_ref idref="oc-33"/>
      </symbol>
      <symbol id="sm-6d">
         <name>GROUP1_IRQHandler</name>
         <value>0x198b</value>
         <object_component_ref idref="oc-33"/>
      </symbol>
      <symbol id="sm-6e">
         <name>TIMG8_IRQHandler</name>
         <value>0x198b</value>
         <object_component_ref idref="oc-33"/>
      </symbol>
      <symbol id="sm-6f">
         <name>UART3_IRQHandler</name>
         <value>0x198b</value>
         <object_component_ref idref="oc-33"/>
      </symbol>
      <symbol id="sm-70">
         <name>ADC0_IRQHandler</name>
         <value>0x198b</value>
         <object_component_ref idref="oc-33"/>
      </symbol>
      <symbol id="sm-71">
         <name>ADC1_IRQHandler</name>
         <value>0x198b</value>
         <object_component_ref idref="oc-33"/>
      </symbol>
      <symbol id="sm-72">
         <name>CANFD0_IRQHandler</name>
         <value>0x198b</value>
         <object_component_ref idref="oc-33"/>
      </symbol>
      <symbol id="sm-73">
         <name>DAC0_IRQHandler</name>
         <value>0x198b</value>
         <object_component_ref idref="oc-33"/>
      </symbol>
      <symbol id="sm-74">
         <name>SPI0_IRQHandler</name>
         <value>0x198b</value>
         <object_component_ref idref="oc-33"/>
      </symbol>
      <symbol id="sm-75">
         <name>SPI1_IRQHandler</name>
         <value>0x198b</value>
         <object_component_ref idref="oc-33"/>
      </symbol>
      <symbol id="sm-76">
         <name>UART1_IRQHandler</name>
         <value>0x198b</value>
         <object_component_ref idref="oc-33"/>
      </symbol>
      <symbol id="sm-77">
         <name>UART2_IRQHandler</name>
         <value>0x198b</value>
         <object_component_ref idref="oc-33"/>
      </symbol>
      <symbol id="sm-78">
         <name>UART0_IRQHandler</name>
         <value>0x198b</value>
         <object_component_ref idref="oc-33"/>
      </symbol>
      <symbol id="sm-79">
         <name>TIMG0_IRQHandler</name>
         <value>0x198b</value>
         <object_component_ref idref="oc-33"/>
      </symbol>
      <symbol id="sm-7a">
         <name>TIMG6_IRQHandler</name>
         <value>0x198b</value>
         <object_component_ref idref="oc-33"/>
      </symbol>
      <symbol id="sm-7b">
         <name>TIMA0_IRQHandler</name>
         <value>0x198b</value>
         <object_component_ref idref="oc-33"/>
      </symbol>
      <symbol id="sm-7c">
         <name>TIMA1_IRQHandler</name>
         <value>0x198b</value>
         <object_component_ref idref="oc-33"/>
      </symbol>
      <symbol id="sm-7d">
         <name>TIMG7_IRQHandler</name>
         <value>0x198b</value>
         <object_component_ref idref="oc-33"/>
      </symbol>
      <symbol id="sm-7e">
         <name>TIMG12_IRQHandler</name>
         <value>0x198b</value>
         <object_component_ref idref="oc-33"/>
      </symbol>
      <symbol id="sm-7f">
         <name>I2C0_IRQHandler</name>
         <value>0x198b</value>
         <object_component_ref idref="oc-33"/>
      </symbol>
      <symbol id="sm-80">
         <name>I2C1_IRQHandler</name>
         <value>0x198b</value>
         <object_component_ref idref="oc-33"/>
      </symbol>
      <symbol id="sm-81">
         <name>AES_IRQHandler</name>
         <value>0x198b</value>
         <object_component_ref idref="oc-33"/>
      </symbol>
      <symbol id="sm-82">
         <name>RTC_IRQHandler</name>
         <value>0x198b</value>
         <object_component_ref idref="oc-33"/>
      </symbol>
      <symbol id="sm-83">
         <name>DMA_IRQHandler</name>
         <value>0x198b</value>
         <object_component_ref idref="oc-33"/>
      </symbol>
      <symbol id="sm-e1">
         <name>OLED_Init</name>
         <value>0xc1</value>
         <object_component_ref idref="oc-80"/>
      </symbol>
      <symbol id="sm-e2">
         <name>OLED_SetPos</name>
         <value>0x16c5</value>
         <object_component_ref idref="oc-c3"/>
      </symbol>
      <symbol id="sm-e3">
         <name>OLED_Fill</name>
         <value>0x146d</value>
         <object_component_ref idref="oc-86"/>
      </symbol>
      <symbol id="sm-e4">
         <name>OLED_ShowStr</name>
         <value>0xdbd</value>
         <object_component_ref idref="oc-87"/>
      </symbol>
      <symbol id="sm-e5">
         <name>asc2_1608</name>
         <value>0x1c60</value>
         <object_component_ref idref="oc-c4"/>
      </symbol>
      <symbol id="sm-e6">
         <name>asc2_0806</name>
         <value>0x2250</value>
         <object_component_ref idref="oc-c5"/>
      </symbol>
      <symbol id="sm-e7">
         <name>__TI_ATRegion0_src_addr</name>
         <value>0x0</value>
      </symbol>
      <symbol id="sm-e8">
         <name>__TI_ATRegion0_trg_addr</name>
         <value>0x0</value>
      </symbol>
      <symbol id="sm-e9">
         <name>__TI_ATRegion0_region_sz</name>
         <value>0x0</value>
      </symbol>
      <symbol id="sm-ea">
         <name>__TI_ATRegion1_src_addr</name>
         <value>0x0</value>
      </symbol>
      <symbol id="sm-eb">
         <name>__TI_ATRegion1_trg_addr</name>
         <value>0x0</value>
      </symbol>
      <symbol id="sm-ec">
         <name>__TI_ATRegion1_region_sz</name>
         <value>0x0</value>
      </symbol>
      <symbol id="sm-ed">
         <name>__TI_ATRegion2_src_addr</name>
         <value>0x0</value>
      </symbol>
      <symbol id="sm-ee">
         <name>__TI_ATRegion2_trg_addr</name>
         <value>0x0</value>
      </symbol>
      <symbol id="sm-ef">
         <name>__TI_ATRegion2_region_sz</name>
         <value>0x0</value>
      </symbol>
      <symbol id="sm-f9">
         <name>DL_Common_delayCycles</name>
         <value>0x1c35</value>
         <object_component_ref idref="oc-d8"/>
      </symbol>
      <symbol id="sm-108">
         <name>DL_I2C_setClockConfig</name>
         <value>0x1b5d</value>
         <object_component_ref idref="oc-dc"/>
      </symbol>
      <symbol id="sm-109">
         <name>DL_I2C_fillControllerTXFIFO</name>
         <value>0x192d</value>
         <object_component_ref idref="oc-ba"/>
      </symbol>
      <symbol id="sm-10a">
         <name>DL_I2C_flushControllerTXFIFO</name>
         <value>0x1ab5</value>
         <object_component_ref idref="oc-c0"/>
      </symbol>
      <symbol id="sm-11b">
         <name>sprintf</name>
         <value>0x1af1</value>
         <object_component_ref idref="oc-88"/>
      </symbol>
      <symbol id="sm-126">
         <name>_c_int00_noinit_noargs</name>
         <value>0x1bcd</value>
         <object_component_ref idref="oc-4d"/>
      </symbol>
      <symbol id="sm-127">
         <name>__stack</name>
         <value>0x20207e00</value>
         <object_component_ref idref="oc-1a"/>
      </symbol>
      <symbol id="sm-131">
         <name>_system_pre_init</name>
         <value>0x1c55</value>
         <object_component_ref idref="oc-5f"/>
      </symbol>
      <symbol id="sm-14b">
         <name>__TI_printfi_minimal</name>
         <value>0x11e9</value>
         <object_component_ref idref="oc-e0"/>
      </symbol>
      <symbol id="sm-158">
         <name>abort</name>
         <value>0x1c59</value>
         <object_component_ref idref="oc-93"/>
      </symbol>
      <symbol id="sm-159">
         <name>C$$EXIT</name>
         <value>0x1c58</value>
         <object_component_ref idref="oc-93"/>
      </symbol>
      <symbol id="sm-168">
         <name>memccpy</name>
         <value>0x1ba9</value>
         <object_component_ref idref="oc-f6"/>
      </symbol>
      <symbol id="sm-186">
         <name>__aeabi_memcpy</name>
         <value>0x1c49</value>
         <object_component_ref idref="oc-3f"/>
      </symbol>
      <symbol id="sm-187">
         <name>__aeabi_memcpy4</name>
         <value>0x1c49</value>
         <object_component_ref idref="oc-3f"/>
      </symbol>
      <symbol id="sm-188">
         <name>__aeabi_memcpy8</name>
         <value>0x1c49</value>
         <object_component_ref idref="oc-3f"/>
      </symbol>
      <symbol id="sm-18f">
         <name>__aeabi_memset</name>
         <value>0x1c19</value>
         <object_component_ref idref="oc-f5"/>
      </symbol>
      <symbol id="sm-190">
         <name>__aeabi_memset4</name>
         <value>0x1c19</value>
         <object_component_ref idref="oc-f5"/>
      </symbol>
      <symbol id="sm-191">
         <name>__aeabi_memset8</name>
         <value>0x1c19</value>
         <object_component_ref idref="oc-f5"/>
      </symbol>
      <symbol id="sm-197">
         <name>__aeabi_uidiv</name>
         <value>0x1a75</value>
         <object_component_ref idref="oc-fb"/>
      </symbol>
      <symbol id="sm-198">
         <name>__aeabi_uidivmod</name>
         <value>0x1a75</value>
         <object_component_ref idref="oc-fb"/>
      </symbol>
      <symbol id="sm-1a3">
         <name>__aeabi_idiv0</name>
         <value>0x1b83</value>
         <object_component_ref idref="oc-122"/>
      </symbol>
      <symbol id="sm-1bd">
         <name>memcpy</name>
         <value>0x1831</value>
         <object_component_ref idref="oc-76"/>
      </symbol>
      <symbol id="sm-1cc">
         <name>memset</name>
         <value>0x18cb</value>
         <object_component_ref idref="oc-b2"/>
      </symbol>
      <symbol id="sm-1cd">
         <name>__mpu_init</name>
         <value>0x0</value>
      </symbol>
   </symbol_table>
   <title>Link successful</title>
</link_info>
